[26-Mar-2026 17:10:32 America/Sao_Paulo] [2026-03-26 17:10:32] Call to undefined function getFlash() em F:\Para_meus_estudos\IA_Generativa\PHP\app\Views\layouts\header.php:19
Stack: #0 F:\Para_meus_estudos\IA_Generativa\PHP\app\Views\usuarios\listar.php(1): require()
#1 F:\Para_meus_estudos\IA_Generativa\PHP\app\Controllers\UsuarioController.php(17): require('F:\\Para_meus_es...')
#2 F:\Para_meus_estudos\IA_Generativa\PHP\public\index.php(47): UsuarioController->index()
#3 {main}


[26-Mar-2026 17:30:15 America/Sao_Paulo] [2026-03-26 17:30:15] Call to undefined function getFlash() em F:\Para_meus_estudos\IA_Generativa\PHP\app\Views\layouts\header.php:19
Stack: #0 F:\Para_meus_estudos\IA_Generativa\PHP\app\Views\usuarios\listar.php(1): require()
#1 F:\Para_meus_estudos\IA_Generativa\PHP\app\Controllers\UsuarioController.php(17): require('F:\\Para_meus_es...')
#2 F:\Para_meus_estudos\IA_Generativa\PHP\public\index.php(47): UsuarioController->index()
#3 {main}


[26-Mar-2026 17:37:49 America/Sao_Paulo] [2026-03-26 17:37:49] Call to undefined function getFlash() em F:\Para_meus_estudos\IA_Generativa\PHP\app\Views\layouts\header.php:19
Stack: #0 F:\Para_meus_estudos\IA_Generativa\PHP\app\Views\usuarios\listar.php(1): require()
#1 F:\Para_meus_estudos\IA_Generativa\PHP\app\Controllers\UsuarioController.php(17): require('F:\\Para_meus_es...')
#2 F:\Para_meus_estudos\IA_Generativa\PHP\public\index.php(47): UsuarioController->index()
#3 {main}


[26-Mar-2026 23:06:21 Europe/Berlin] PHP Warning:  require_once(F:\Para_meus_estudos\IA_Generativa\PHP\configenv.php): Failed to open stream: No such file or directory in F:\Para_meus_estudos\IA_Generativa\PHP\config\bootstrap.php on line 8
[26-Mar-2026 23:06:21 Europe/Berlin] [2026-03-26 23:06:21] Failed opening required 'F:\Para_meus_estudos\IA_Generativa\PHP\configenv.php' (include_path='C:\xampp\php\PEAR') em F:\Para_meus_estudos\IA_Generativa\PHP\config\bootstrap.php:8
Stack: #0 F:\Para_meus_estudos\IA_Generativa\PHP\public\index.php(2): require_once()
#1 {main}


[26-Mar-2026 23:07:14 Europe/Berlin] PHP Warning:  require_once(F:\Para_meus_estudos\IA_Generativa\PHP\configenv.php): Failed to open stream: No such file or directory in F:\Para_meus_estudos\IA_Generativa\PHP\config\bootstrap.php on line 8
[26-Mar-2026 23:07:14 Europe/Berlin] [2026-03-26 23:07:14] Failed opening required 'F:\Para_meus_estudos\IA_Generativa\PHP\configenv.php' (include_path='C:\xampp\php\PEAR') em F:\Para_meus_estudos\IA_Generativa\PHP\config\bootstrap.php:8
Stack: #0 F:\Para_meus_estudos\IA_Generativa\PHP\public\index.php(2): require_once()
#1 {main}


[27-Mar-2026 18:55:20 America/Sao_Paulo] PHP Warning:  Undefined property: UsuarioController::$model in F:\Para_meus_estudos\IA_Generativa\PHP\app\Controllers\UsuarioController.php on line 115
[27-Mar-2026 18:55:20 America/Sao_Paulo] [2026-03-27 18:55:20] Call to a member function excluir() on null em F:\Para_meus_estudos\IA_Generativa\PHP\app\Controllers\UsuarioController.php:115
Stack: #0 F:\Para_meus_estudos\IA_Generativa\PHP\public\index.php(43): UsuarioController->excluir('2')
#1 {main}


[27-Mar-2026 18:55:37 America/Sao_Paulo] PHP Warning:  Undefined property: UsuarioController::$model in F:\Para_meus_estudos\IA_Generativa\PHP\app\Controllers\UsuarioController.php on line 115
[27-Mar-2026 18:55:37 America/Sao_Paulo] [2026-03-27 18:55:37] Call to a member function excluir() on null em F:\Para_meus_estudos\IA_Generativa\PHP\app\Controllers\UsuarioController.php:115
Stack: #0 F:\Para_meus_estudos\IA_Generativa\PHP\public\index.php(43): UsuarioController->excluir('2')
#1 {main}


[27-Mar-2026 19:02:17 America/Sao_Paulo] PHP Warning:  Undefined property: UsuarioController::$model in F:\Para_meus_estudos\IA_Generativa\PHP\app\Controllers\UsuarioController.php on line 115
[27-Mar-2026 19:02:17 America/Sao_Paulo] [2026-03-27 19:02:17] Call to a member function excluir() on null em F:\Para_meus_estudos\IA_Generativa\PHP\app\Controllers\UsuarioController.php:115
Stack: #0 F:\Para_meus_estudos\IA_Generativa\PHP\public\index.php(43): UsuarioController->excluir('2')
#1 {main}


[27-Mar-2026 19:08:47 America/Sao_Paulo] [2026-03-27 19:08:47] Call to undefined method UsuarioService::excluir() em F:\Para_meus_estudos\IA_Generativa\PHP\app\Controllers\UsuarioController.php:116
Stack: #0 F:\Para_meus_estudos\IA_Generativa\PHP\public\index.php(43): UsuarioController->excluir('2')
#1 {main}


[27-Mar-2026 19:08:58 America/Sao_Paulo] [2026-03-27 19:08:58] Call to undefined method UsuarioService::excluir() em F:\Para_meus_estudos\IA_Generativa\PHP\app\Controllers\UsuarioController.php:116
Stack: #0 F:\Para_meus_estudos\IA_Generativa\PHP\public\index.php(43): UsuarioController->excluir('2')
#1 {main}


[27-Mar-2026 19:12:06 America/Sao_Paulo] [2026-03-27 19:12:06] Call to undefined method UsuarioService::excluir() em F:\Para_meus_estudos\IA_Generativa\PHP\app\Controllers\UsuarioController.php:113
Stack: #0 F:\Para_meus_estudos\IA_Generativa\PHP\public\index.php(43): UsuarioController->excluir('2')
#1 {main}


[27-Mar-2026 19:12:16 America/Sao_Paulo] [2026-03-27 19:12:16] Call to undefined method UsuarioService::excluir() em F:\Para_meus_estudos\IA_Generativa\PHP\app\Controllers\UsuarioController.php:113
Stack: #0 F:\Para_meus_estudos\IA_Generativa\PHP\public\index.php(43): UsuarioController->excluir('2')
#1 {main}


[27-Mar-2026 19:16:58 America/Sao_Paulo] [2026-03-27 19:16:58] Call to undefined method UsuarioService::excluir() em F:\Para_meus_estudos\IA_Generativa\PHP\app\Controllers\UsuarioController.php:120
Stack: #0 F:\Para_meus_estudos\IA_Generativa\PHP\public\index.php(43): UsuarioController->excluir('2')
#1 {main}


[27-Mar-2026 19:17:05 America/Sao_Paulo] [2026-03-27 19:17:05] Call to undefined method UsuarioService::excluir() em F:\Para_meus_estudos\IA_Generativa\PHP\app\Controllers\UsuarioController.php:120
Stack: #0 F:\Para_meus_estudos\IA_Generativa\PHP\public\index.php(43): UsuarioController->excluir('1')
#1 {main}


