Internal Server Error: /dashboard/
Traceback (most recent call last):
  File "C:\Users\MARCOSROBERTORODRIGU\Documents\Estudos_Informatica\Projeto_PI_III\Projeto_PI032026\trabalho\.venv\Lib\site-packages\django\core\handlers\exception.py", line 55, in inner
    response = get_response(request)
               ^^^^^^^^^^^^^^^^^^^^^
  File "C:\Users\MARCOSROBERTORODRIGU\Documents\Estudos_Informatica\Projeto_PI_III\Projeto_PI032026\trabalho\.venv\Lib\site-packages\django\core\handlers\base.py", line 197, in _get_response
    response = wrapped_callback(request, *callback_args, **callback_kwargs)
               ^^^^^^^^^^^^^^^^^^^^^^^^^^^^^^^^^^^^^^^^^^^^^^^^^^^^^^^^^^^^
  File "C:\Users\MARCOSROBERTORODRIGU\Documents\Estudos_Informatica\Projeto_PI_III\Projeto_PI032026\trabalho\core\views.py", line 216, in dashboard
    return render(request, "core/dashboard.html", context)
           ^^^^^^^^^^^^^^^^^^^^^^^^^^^^^^^^^^^^^^^^^^^^^^^
  File "C:\Users\MARCOSROBERTORODRIGU\Documents\Estudos_Informatica\Projeto_PI_III\Projeto_PI032026\trabalho\.venv\Lib\site-packages\django\shortcuts.py", line 25, in render
    content = loader.render_to_string(template_name, context, request, using=using)
              ^^^^^^^^^^^^^^^^^^^^^^^^^^^^^^^^^^^^^^^^^^^^^^^^^^^^^^^^^^^^^^^^^^^^^
  File "C:\Users\MARCOSROBERTORODRIGU\Documents\Estudos_Informatica\Projeto_PI_III\Projeto_PI032026\trabalho\.venv\Lib\site-packages\django\template\loader.py", line 61, in render_to_string
    template = get_template(template_name, using=using)
               ^^^^^^^^^^^^^^^^^^^^^^^^^^^^^^^^^^^^^^^^
  File "C:\Users\MARCOSROBERTORODRIGU\Documents\Estudos_Informatica\Projeto_PI_III\Projeto_PI032026\trabalho\.venv\Lib\site-packages\django\template\loader.py", line 15, in get_template
    return engine.get_template(template_name)
           ^^^^^^^^^^^^^^^^^^^^^^^^^^^^^^^^^^
  File "C:\Users\MARCOSROBERTORODRIGU\Documents\Estudos_Informatica\Projeto_PI_III\Projeto_PI032026\trabalho\.venv\Lib\site-packages\django\template\backends\django.py", line 79, in get_template
    return Template(self.engine.get_template(template_name), self)
                    ^^^^^^^^^^^^^^^^^^^^^^^^^^^^^^^^^^^^^^^
  File "C:\Users\MARCOSROBERTORODRIGU\Documents\Estudos_Informatica\Projeto_PI_III\Projeto_PI032026\trabalho\.venv\Lib\site-packages\django\template\engine.py", line 177, in get_template
    template, origin = self.find_template(template_name)
                       ^^^^^^^^^^^^^^^^^^^^^^^^^^^^^^^^^
  File "C:\Users\MARCOSROBERTORODRIGU\Documents\Estudos_Informatica\Projeto_PI_III\Projeto_PI032026\trabalho\.venv\Lib\site-packages\django\template\engine.py", line 159, in find_template
    template = loader.get_template(name, skip=skip)
               ^^^^^^^^^^^^^^^^^^^^^^^^^^^^^^^^^^^^
  File "C:\Users\MARCOSROBERTORODRIGU\Documents\Estudos_Informatica\Projeto_PI_III\Projeto_PI032026\trabalho\.venv\Lib\site-packages\django\template\loaders\cached.py", line 57, in get_template
    template = super().get_template(template_name, skip)
               ^^^^^^^^^^^^^^^^^^^^^^^^^^^^^^^^^^^^^^^^^
  File "C:\Users\MARCOSROBERTORODRIGU\Documents\Estudos_Informatica\Projeto_PI_III\Projeto_PI032026\trabalho\.venv\Lib\site-packages\django\template\loaders\base.py", line 28, in get_template
    return Template(
           ^^^^^^^^^
  File "C:\Users\MARCOSROBERTORODRIGU\Documents\Estudos_Informatica\Projeto_PI_III\Projeto_PI032026\trabalho\.venv\Lib\site-packages\django\template\base.py", line 155, in __init__
    self.nodelist = self.compile_nodelist()
                    ^^^^^^^^^^^^^^^^^^^^^^^
  File "C:\Users\MARCOSROBERTORODRIGU\Documents\Estudos_Informatica\Projeto_PI_III\Projeto_PI032026\trabalho\.venv\Lib\site-packages\django\template\base.py", line 197, in compile_nodelist
    nodelist = parser.parse()
               ^^^^^^^^^^^^^^
  File "C:\Users\MARCOSROBERTORODRIGU\Documents\Estudos_Informatica\Projeto_PI_III\Projeto_PI032026\trabalho\.venv\Lib\site-packages\django\template\base.py", line 490, in parse
    raise self.error(token, e)
  File "C:\Users\MARCOSROBERTORODRIGU\Documents\Estudos_Informatica\Projeto_PI_III\Projeto_PI032026\trabalho\.venv\Lib\site-packages\django\template\base.py", line 488, in parse
    filter_expression = self.compile_filter(token.contents)
                        ^^^^^^^^^^^^^^^^^^^^^^^^^^^^^^^^^^^
  File "C:\Users\MARCOSROBERTORODRIGU\Documents\Estudos_Informatica\Projeto_PI_III\Projeto_PI032026\trabalho\.venv\Lib\site-packages\django\template\base.py", line 610, in compile_filter
    return FilterExpression(token, self)
           ^^^^^^^^^^^^^^^^^^^^^^^^^^^^^
  File "C:\Users\MARCOSROBERTORODRIGU\Documents\Estudos_Informatica\Projeto_PI_III\Projeto_PI032026\trabalho\.venv\Lib\site-packages\django\template\base.py", line 711, in __init__
    raise TemplateSyntaxError(
django.template.exceptions.TemplateSyntaxError: Could not parse the remainder: ' * 12' from 'faturamento_mes * 12'
"GET /dashboard/ HTTP/1.1" 500 160892
Internal Server Error: /dashboard/
Traceback (most recent call last):
  File "C:\Users\MARCOSROBERTORODRIGU\Documents\Estudos_Informatica\Projeto_PI_III\Projeto_PI032026\trabalho\.venv\Lib\site-packages\django\core\handlers\exception.py", line 55, in inner
    response = get_response(request)
               ^^^^^^^^^^^^^^^^^^^^^
  File "C:\Users\MARCOSROBERTORODRIGU\Documents\Estudos_Informatica\Projeto_PI_III\Projeto_PI032026\trabalho\.venv\Lib\site-packages\django\core\handlers\base.py", line 197, in _get_response
    response = wrapped_callback(request, *callback_args, **callback_kwargs)
               ^^^^^^^^^^^^^^^^^^^^^^^^^^^^^^^^^^^^^^^^^^^^^^^^^^^^^^^^^^^^
  File "C:\Users\MARCOSROBERTORODRIGU\Documents\Estudos_Informatica\Projeto_PI_III\Projeto_PI032026\trabalho\core\views.py", line 216, in dashboard
    return render(request, "core/dashboard.html", context)
           ^^^^^^^^^^^^^^^^^^^^^^^^^^^^^^^^^^^^^^^^^^^^^^^
  File "C:\Users\MARCOSROBERTORODRIGU\Documents\Estudos_Informatica\Projeto_PI_III\Projeto_PI032026\trabalho\.venv\Lib\site-packages\django\shortcuts.py", line 25, in render
    content = loader.render_to_string(template_name, context, request, using=using)
              ^^^^^^^^^^^^^^^^^^^^^^^^^^^^^^^^^^^^^^^^^^^^^^^^^^^^^^^^^^^^^^^^^^^^^
  File "C:\Users\MARCOSROBERTORODRIGU\Documents\Estudos_Informatica\Projeto_PI_III\Projeto_PI032026\trabalho\.venv\Lib\site-packages\django\template\loader.py", line 61, in render_to_string
    template = get_template(template_name, using=using)
               ^^^^^^^^^^^^^^^^^^^^^^^^^^^^^^^^^^^^^^^^
  File "C:\Users\MARCOSROBERTORODRIGU\Documents\Estudos_Informatica\Projeto_PI_III\Projeto_PI032026\trabalho\.venv\Lib\site-packages\django\template\loader.py", line 15, in get_template
    return engine.get_template(template_name)
           ^^^^^^^^^^^^^^^^^^^^^^^^^^^^^^^^^^
  File "C:\Users\MARCOSROBERTORODRIGU\Documents\Estudos_Informatica\Projeto_PI_III\Projeto_PI032026\trabalho\.venv\Lib\site-packages\django\template\backends\django.py", line 79, in get_template
    return Template(self.engine.get_template(template_name), self)
                    ^^^^^^^^^^^^^^^^^^^^^^^^^^^^^^^^^^^^^^^
  File "C:\Users\MARCOSROBERTORODRIGU\Documents\Estudos_Informatica\Projeto_PI_III\Projeto_PI032026\trabalho\.venv\Lib\site-packages\django\template\engine.py", line 177, in get_template
    template, origin = self.find_template(template_name)
                       ^^^^^^^^^^^^^^^^^^^^^^^^^^^^^^^^^
  File "C:\Users\MARCOSROBERTORODRIGU\Documents\Estudos_Informatica\Projeto_PI_III\Projeto_PI032026\trabalho\.venv\Lib\site-packages\django\template\engine.py", line 159, in find_template
    template = loader.get_template(name, skip=skip)
               ^^^^^^^^^^^^^^^^^^^^^^^^^^^^^^^^^^^^
  File "C:\Users\MARCOSROBERTORODRIGU\Documents\Estudos_Informatica\Projeto_PI_III\Projeto_PI032026\trabalho\.venv\Lib\site-packages\django\template\loaders\cached.py", line 57, in get_template
    template = super().get_template(template_name, skip)
               ^^^^^^^^^^^^^^^^^^^^^^^^^^^^^^^^^^^^^^^^^
  File "C:\Users\MARCOSROBERTORODRIGU\Documents\Estudos_Informatica\Projeto_PI_III\Projeto_PI032026\trabalho\.venv\Lib\site-packages\django\template\loaders\base.py", line 28, in get_template
    return Template(
           ^^^^^^^^^
  File "C:\Users\MARCOSROBERTORODRIGU\Documents\Estudos_Informatica\Projeto_PI_III\Projeto_PI032026\trabalho\.venv\Lib\site-packages\django\template\base.py", line 155, in __init__
    self.nodelist = self.compile_nodelist()
                    ^^^^^^^^^^^^^^^^^^^^^^^
  File "C:\Users\MARCOSROBERTORODRIGU\Documents\Estudos_Informatica\Projeto_PI_III\Projeto_PI032026\trabalho\.venv\Lib\site-packages\django\template\base.py", line 197, in compile_nodelist
    nodelist = parser.parse()
               ^^^^^^^^^^^^^^
  File "C:\Users\MARCOSROBERTORODRIGU\Documents\Estudos_Informatica\Projeto_PI_III\Projeto_PI032026\trabalho\.venv\Lib\site-packages\django\template\base.py", line 490, in parse
    raise self.error(token, e)
  File "C:\Users\MARCOSROBERTORODRIGU\Documents\Estudos_Informatica\Projeto_PI_III\Projeto_PI032026\trabalho\.venv\Lib\site-packages\django\template\base.py", line 488, in parse
    filter_expression = self.compile_filter(token.contents)
                        ^^^^^^^^^^^^^^^^^^^^^^^^^^^^^^^^^^^
  File "C:\Users\MARCOSROBERTORODRIGU\Documents\Estudos_Informatica\Projeto_PI_III\Projeto_PI032026\trabalho\.venv\Lib\site-packages\django\template\base.py", line 610, in compile_filter
    return FilterExpression(token, self)
           ^^^^^^^^^^^^^^^^^^^^^^^^^^^^^
  File "C:\Users\MARCOSROBERTORODRIGU\Documents\Estudos_Informatica\Projeto_PI_III\Projeto_PI032026\trabalho\.venv\Lib\site-packages\django\template\base.py", line 711, in __init__
    raise TemplateSyntaxError(
django.template.exceptions.TemplateSyntaxError: Could not parse the remainder: ' * 12.0' from 'faturamento_mes * 12.0'
"GET /dashboard/ HTTP/1.1" 500 160930
Internal Server Error: /dashboard/
Traceback (most recent call last):
  File "C:\Users\MARCOSROBERTORODRIGU\Documents\Estudos_Informatica\Projeto_PI_III\Projeto_PI032026\trabalho\.venv\Lib\site-packages\django\core\handlers\exception.py", line 55, in inner
    response = get_response(request)
               ^^^^^^^^^^^^^^^^^^^^^
  File "C:\Users\MARCOSROBERTORODRIGU\Documents\Estudos_Informatica\Projeto_PI_III\Projeto_PI032026\trabalho\.venv\Lib\site-packages\django\core\handlers\base.py", line 197, in _get_response
    response = wrapped_callback(request, *callback_args, **callback_kwargs)
               ^^^^^^^^^^^^^^^^^^^^^^^^^^^^^^^^^^^^^^^^^^^^^^^^^^^^^^^^^^^^
  File "C:\Users\MARCOSROBERTORODRIGU\Documents\Estudos_Informatica\Projeto_PI_III\Projeto_PI032026\trabalho\core\views.py", line 216, in dashboard
    return render(request, "core/dashboard.html", context)
           ^^^^^^^^^^^^^^^^^^^^^^^^^^^^^^^^^^^^^^^^^^^^^^^
  File "C:\Users\MARCOSROBERTORODRIGU\Documents\Estudos_Informatica\Projeto_PI_III\Projeto_PI032026\trabalho\.venv\Lib\site-packages\django\shortcuts.py", line 25, in render
    content = loader.render_to_string(template_name, context, request, using=using)
              ^^^^^^^^^^^^^^^^^^^^^^^^^^^^^^^^^^^^^^^^^^^^^^^^^^^^^^^^^^^^^^^^^^^^^
  File "C:\Users\MARCOSROBERTORODRIGU\Documents\Estudos_Informatica\Projeto_PI_III\Projeto_PI032026\trabalho\.venv\Lib\site-packages\django\template\loader.py", line 61, in render_to_string
    template = get_template(template_name, using=using)
               ^^^^^^^^^^^^^^^^^^^^^^^^^^^^^^^^^^^^^^^^
  File "C:\Users\MARCOSROBERTORODRIGU\Documents\Estudos_Informatica\Projeto_PI_III\Projeto_PI032026\trabalho\.venv\Lib\site-packages\django\template\loader.py", line 15, in get_template
    return engine.get_template(template_name)
           ^^^^^^^^^^^^^^^^^^^^^^^^^^^^^^^^^^
  File "C:\Users\MARCOSROBERTORODRIGU\Documents\Estudos_Informatica\Projeto_PI_III\Projeto_PI032026\trabalho\.venv\Lib\site-packages\django\template\backends\django.py", line 79, in get_template
    return Template(self.engine.get_template(template_name), self)
                    ^^^^^^^^^^^^^^^^^^^^^^^^^^^^^^^^^^^^^^^
  File "C:\Users\MARCOSROBERTORODRIGU\Documents\Estudos_Informatica\Projeto_PI_III\Projeto_PI032026\trabalho\.venv\Lib\site-packages\django\template\engine.py", line 177, in get_template
    template, origin = self.find_template(template_name)
                       ^^^^^^^^^^^^^^^^^^^^^^^^^^^^^^^^^
  File "C:\Users\MARCOSROBERTORODRIGU\Documents\Estudos_Informatica\Projeto_PI_III\Projeto_PI032026\trabalho\.venv\Lib\site-packages\django\template\engine.py", line 159, in find_template
    template = loader.get_template(name, skip=skip)
               ^^^^^^^^^^^^^^^^^^^^^^^^^^^^^^^^^^^^
  File "C:\Users\MARCOSROBERTORODRIGU\Documents\Estudos_Informatica\Projeto_PI_III\Projeto_PI032026\trabalho\.venv\Lib\site-packages\django\template\loaders\cached.py", line 57, in get_template
    template = super().get_template(template_name, skip)
               ^^^^^^^^^^^^^^^^^^^^^^^^^^^^^^^^^^^^^^^^^
  File "C:\Users\MARCOSROBERTORODRIGU\Documents\Estudos_Informatica\Projeto_PI_III\Projeto_PI032026\trabalho\.venv\Lib\site-packages\django\template\loaders\base.py", line 28, in get_template
    return Template(
           ^^^^^^^^^
  File "C:\Users\MARCOSROBERTORODRIGU\Documents\Estudos_Informatica\Projeto_PI_III\Projeto_PI032026\trabalho\.venv\Lib\site-packages\django\template\base.py", line 155, in __init__
    self.nodelist = self.compile_nodelist()
                    ^^^^^^^^^^^^^^^^^^^^^^^
  File "C:\Users\MARCOSROBERTORODRIGU\Documents\Estudos_Informatica\Projeto_PI_III\Projeto_PI032026\trabalho\.venv\Lib\site-packages\django\template\base.py", line 197, in compile_nodelist
    nodelist = parser.parse()
               ^^^^^^^^^^^^^^
  File "C:\Users\MARCOSROBERTORODRIGU\Documents\Estudos_Informatica\Projeto_PI_III\Projeto_PI032026\trabalho\.venv\Lib\site-packages\django\template\base.py", line 490, in parse
    raise self.error(token, e)
  File "C:\Users\MARCOSROBERTORODRIGU\Documents\Estudos_Informatica\Projeto_PI_III\Projeto_PI032026\trabalho\.venv\Lib\site-packages\django\template\base.py", line 488, in parse
    filter_expression = self.compile_filter(token.contents)
                        ^^^^^^^^^^^^^^^^^^^^^^^^^^^^^^^^^^^
  File "C:\Users\MARCOSROBERTORODRIGU\Documents\Estudos_Informatica\Projeto_PI_III\Projeto_PI032026\trabalho\.venv\Lib\site-packages\django\template\base.py", line 610, in compile_filter
    return FilterExpression(token, self)
           ^^^^^^^^^^^^^^^^^^^^^^^^^^^^^
  File "C:\Users\MARCOSROBERTORODRIGU\Documents\Estudos_Informatica\Projeto_PI_III\Projeto_PI032026\trabalho\.venv\Lib\site-packages\django\template\base.py", line 711, in __init__
    raise TemplateSyntaxError(
django.template.exceptions.TemplateSyntaxError: Could not parse the remainder: ' * faturamento_mes * 12' from 'faturamento_dia * faturamento_mes * 12'
"GET /dashboard/ HTTP/1.1" 500 161258
Internal Server Error: /dashboard/
Traceback (most recent call last):
  File "C:\Users\MARCOSROBERTORODRIGU\Documents\Estudos_Informatica\Projeto_PI_III\Projeto_PI032026\trabalho\.venv\Lib\site-packages\django\core\handlers\exception.py", line 55, in inner
    response = get_response(request)
               ^^^^^^^^^^^^^^^^^^^^^
  File "C:\Users\MARCOSROBERTORODRIGU\Documents\Estudos_Informatica\Projeto_PI_III\Projeto_PI032026\trabalho\.venv\Lib\site-packages\django\core\handlers\base.py", line 197, in _get_response
    response = wrapped_callback(request, *callback_args, **callback_kwargs)
               ^^^^^^^^^^^^^^^^^^^^^^^^^^^^^^^^^^^^^^^^^^^^^^^^^^^^^^^^^^^^
  File "C:\Users\MARCOSROBERTORODRIGU\Documents\Estudos_Informatica\Projeto_PI_III\Projeto_PI032026\trabalho\core\views.py", line 216, in dashboard
    return render(request, "core/dashboard.html", context)
           ^^^^^^^^^^^^^^^^^^^^^^^^^^^^^^^^^^^^^^^^^^^^^^^
  File "C:\Users\MARCOSROBERTORODRIGU\Documents\Estudos_Informatica\Projeto_PI_III\Projeto_PI032026\trabalho\.venv\Lib\site-packages\django\shortcuts.py", line 25, in render
    content = loader.render_to_string(template_name, context, request, using=using)
              ^^^^^^^^^^^^^^^^^^^^^^^^^^^^^^^^^^^^^^^^^^^^^^^^^^^^^^^^^^^^^^^^^^^^^
  File "C:\Users\MARCOSROBERTORODRIGU\Documents\Estudos_Informatica\Projeto_PI_III\Projeto_PI032026\trabalho\.venv\Lib\site-packages\django\template\loader.py", line 61, in render_to_string
    template = get_template(template_name, using=using)
               ^^^^^^^^^^^^^^^^^^^^^^^^^^^^^^^^^^^^^^^^
  File "C:\Users\MARCOSROBERTORODRIGU\Documents\Estudos_Informatica\Projeto_PI_III\Projeto_PI032026\trabalho\.venv\Lib\site-packages\django\template\loader.py", line 15, in get_template
    return engine.get_template(template_name)
           ^^^^^^^^^^^^^^^^^^^^^^^^^^^^^^^^^^
  File "C:\Users\MARCOSROBERTORODRIGU\Documents\Estudos_Informatica\Projeto_PI_III\Projeto_PI032026\trabalho\.venv\Lib\site-packages\django\template\backends\django.py", line 79, in get_template
    return Template(self.engine.get_template(template_name), self)
                    ^^^^^^^^^^^^^^^^^^^^^^^^^^^^^^^^^^^^^^^
  File "C:\Users\MARCOSROBERTORODRIGU\Documents\Estudos_Informatica\Projeto_PI_III\Projeto_PI032026\trabalho\.venv\Lib\site-packages\django\template\engine.py", line 177, in get_template
    template, origin = self.find_template(template_name)
                       ^^^^^^^^^^^^^^^^^^^^^^^^^^^^^^^^^
  File "C:\Users\MARCOSROBERTORODRIGU\Documents\Estudos_Informatica\Projeto_PI_III\Projeto_PI032026\trabalho\.venv\Lib\site-packages\django\template\engine.py", line 159, in find_template
    template = loader.get_template(name, skip=skip)
               ^^^^^^^^^^^^^^^^^^^^^^^^^^^^^^^^^^^^
  File "C:\Users\MARCOSROBERTORODRIGU\Documents\Estudos_Informatica\Projeto_PI_III\Projeto_PI032026\trabalho\.venv\Lib\site-packages\django\template\loaders\cached.py", line 57, in get_template
    template = super().get_template(template_name, skip)
               ^^^^^^^^^^^^^^^^^^^^^^^^^^^^^^^^^^^^^^^^^
  File "C:\Users\MARCOSROBERTORODRIGU\Documents\Estudos_Informatica\Projeto_PI_III\Projeto_PI032026\trabalho\.venv\Lib\site-packages\django\template\loaders\base.py", line 28, in get_template
    return Template(
           ^^^^^^^^^
  File "C:\Users\MARCOSROBERTORODRIGU\Documents\Estudos_Informatica\Projeto_PI_III\Projeto_PI032026\trabalho\.venv\Lib\site-packages\django\template\base.py", line 155, in __init__
    self.nodelist = self.compile_nodelist()
                    ^^^^^^^^^^^^^^^^^^^^^^^
  File "C:\Users\MARCOSROBERTORODRIGU\Documents\Estudos_Informatica\Projeto_PI_III\Projeto_PI032026\trabalho\.venv\Lib\site-packages\django\template\base.py", line 197, in compile_nodelist
    nodelist = parser.parse()
               ^^^^^^^^^^^^^^
  File "C:\Users\MARCOSROBERTORODRIGU\Documents\Estudos_Informatica\Projeto_PI_III\Projeto_PI032026\trabalho\.venv\Lib\site-packages\django\template\base.py", line 490, in parse
    raise self.error(token, e)
  File "C:\Users\MARCOSROBERTORODRIGU\Documents\Estudos_Informatica\Projeto_PI_III\Projeto_PI032026\trabalho\.venv\Lib\site-packages\django\template\base.py", line 488, in parse
    filter_expression = self.compile_filter(token.contents)
                        ^^^^^^^^^^^^^^^^^^^^^^^^^^^^^^^^^^^
  File "C:\Users\MARCOSROBERTORODRIGU\Documents\Estudos_Informatica\Projeto_PI_III\Projeto_PI032026\trabalho\.venv\Lib\site-packages\django\template\base.py", line 610, in compile_filter
    return FilterExpression(token, self)
           ^^^^^^^^^^^^^^^^^^^^^^^^^^^^^
  File "C:\Users\MARCOSROBERTORODRIGU\Documents\Estudos_Informatica\Projeto_PI_III\Projeto_PI032026\trabalho\.venv\Lib\site-packages\django\template\base.py", line 706, in __init__
    filter_func = parser.find_filter(filter_name)
                  ^^^^^^^^^^^^^^^^^^^^^^^^^^^^^^^
  File "C:\Users\MARCOSROBERTORODRIGU\Documents\Estudos_Informatica\Projeto_PI_III\Projeto_PI032026\trabalho\.venv\Lib\site-packages\django\template\base.py", line 616, in find_filter
    raise TemplateSyntaxError("Invalid filter: '%s'" % filter_name)
django.template.exceptions.TemplateSyntaxError: Invalid filter: 'faturamento_mes'
"GET /dashboard/ HTTP/1.1" 500 166510
Internal Server Error: /dashboard/
Traceback (most recent call last):
  File "C:\Users\MARCOSROBERTORODRIGU\Documents\Estudos_Informatica\Projeto_PI_III\Projeto_PI032026\trabalho\.venv\Lib\site-packages\django\core\handlers\exception.py", line 55, in inner
    response = get_response(request)
               ^^^^^^^^^^^^^^^^^^^^^
  File "C:\Users\MARCOSROBERTORODRIGU\Documents\Estudos_Informatica\Projeto_PI_III\Projeto_PI032026\trabalho\.venv\Lib\site-packages\django\core\handlers\base.py", line 197, in _get_response
    response = wrapped_callback(request, *callback_args, **callback_kwargs)
               ^^^^^^^^^^^^^^^^^^^^^^^^^^^^^^^^^^^^^^^^^^^^^^^^^^^^^^^^^^^^
  File "C:\Users\MARCOSROBERTORODRIGU\Documents\Estudos_Informatica\Projeto_PI_III\Projeto_PI032026\trabalho\core\views.py", line 228, in dashboard
    return render(request, "core/dashboard.html", context)
           ^^^^^^^^^^^^^^^^^^^^^^^^^^^^^^^^^^^^^^^^^^^^^^^
  File "C:\Users\MARCOSROBERTORODRIGU\Documents\Estudos_Informatica\Projeto_PI_III\Projeto_PI032026\trabalho\.venv\Lib\site-packages\django\shortcuts.py", line 25, in render
    content = loader.render_to_string(template_name, context, request, using=using)
              ^^^^^^^^^^^^^^^^^^^^^^^^^^^^^^^^^^^^^^^^^^^^^^^^^^^^^^^^^^^^^^^^^^^^^
  File "C:\Users\MARCOSROBERTORODRIGU\Documents\Estudos_Informatica\Projeto_PI_III\Projeto_PI032026\trabalho\.venv\Lib\site-packages\django\template\loader.py", line 61, in render_to_string
    template = get_template(template_name, using=using)
               ^^^^^^^^^^^^^^^^^^^^^^^^^^^^^^^^^^^^^^^^
  File "C:\Users\MARCOSROBERTORODRIGU\Documents\Estudos_Informatica\Projeto_PI_III\Projeto_PI032026\trabalho\.venv\Lib\site-packages\django\template\loader.py", line 15, in get_template
    return engine.get_template(template_name)
           ^^^^^^^^^^^^^^^^^^^^^^^^^^^^^^^^^^
  File "C:\Users\MARCOSROBERTORODRIGU\Documents\Estudos_Informatica\Projeto_PI_III\Projeto_PI032026\trabalho\.venv\Lib\site-packages\django\template\backends\django.py", line 79, in get_template
    return Template(self.engine.get_template(template_name), self)
                    ^^^^^^^^^^^^^^^^^^^^^^^^^^^^^^^^^^^^^^^
  File "C:\Users\MARCOSROBERTORODRIGU\Documents\Estudos_Informatica\Projeto_PI_III\Projeto_PI032026\trabalho\.venv\Lib\site-packages\django\template\engine.py", line 177, in get_template
    template, origin = self.find_template(template_name)
                       ^^^^^^^^^^^^^^^^^^^^^^^^^^^^^^^^^
  File "C:\Users\MARCOSROBERTORODRIGU\Documents\Estudos_Informatica\Projeto_PI_III\Projeto_PI032026\trabalho\.venv\Lib\site-packages\django\template\engine.py", line 159, in find_template
    template = loader.get_template(name, skip=skip)
               ^^^^^^^^^^^^^^^^^^^^^^^^^^^^^^^^^^^^
  File "C:\Users\MARCOSROBERTORODRIGU\Documents\Estudos_Informatica\Projeto_PI_III\Projeto_PI032026\trabalho\.venv\Lib\site-packages\django\template\loaders\cached.py", line 57, in get_template
    template = super().get_template(template_name, skip)
               ^^^^^^^^^^^^^^^^^^^^^^^^^^^^^^^^^^^^^^^^^
  File "C:\Users\MARCOSROBERTORODRIGU\Documents\Estudos_Informatica\Projeto_PI_III\Projeto_PI032026\trabalho\.venv\Lib\site-packages\django\template\loaders\base.py", line 28, in get_template
    return Template(
           ^^^^^^^^^
  File "C:\Users\MARCOSROBERTORODRIGU\Documents\Estudos_Informatica\Projeto_PI_III\Projeto_PI032026\trabalho\.venv\Lib\site-packages\django\template\base.py", line 155, in __init__
    self.nodelist = self.compile_nodelist()
                    ^^^^^^^^^^^^^^^^^^^^^^^
  File "C:\Users\MARCOSROBERTORODRIGU\Documents\Estudos_Informatica\Projeto_PI_III\Projeto_PI032026\trabalho\.venv\Lib\site-packages\django\template\base.py", line 197, in compile_nodelist
    nodelist = parser.parse()
               ^^^^^^^^^^^^^^
  File "C:\Users\MARCOSROBERTORODRIGU\Documents\Estudos_Informatica\Projeto_PI_III\Projeto_PI032026\trabalho\.venv\Lib\site-packages\django\template\base.py", line 490, in parse
    raise self.error(token, e)
  File "C:\Users\MARCOSROBERTORODRIGU\Documents\Estudos_Informatica\Projeto_PI_III\Projeto_PI032026\trabalho\.venv\Lib\site-packages\django\template\base.py", line 488, in parse
    filter_expression = self.compile_filter(token.contents)
                        ^^^^^^^^^^^^^^^^^^^^^^^^^^^^^^^^^^^
  File "C:\Users\MARCOSROBERTORODRIGU\Documents\Estudos_Informatica\Projeto_PI_III\Projeto_PI032026\trabalho\.venv\Lib\site-packages\django\template\base.py", line 610, in compile_filter
    return FilterExpression(token, self)
           ^^^^^^^^^^^^^^^^^^^^^^^^^^^^^
  File "C:\Users\MARCOSROBERTORODRIGU\Documents\Estudos_Informatica\Projeto_PI_III\Projeto_PI032026\trabalho\.venv\Lib\site-packages\django\template\base.py", line 711, in __init__
    raise TemplateSyntaxError(
django.template.exceptions.TemplateSyntaxError: Could not parse the remainder: '()' from 'Cliente.objects.count()'
"GET /dashboard/ HTTP/1.1" 500 162150
Internal Server Error: /dashboard/
Traceback (most recent call last):
  File "C:\Users\MARCOSROBERTORODRIGU\Documents\Estudos_Informatica\Projeto_PI_III\Projeto_PI032026\trabalho\.venv\Lib\site-packages\django\core\handlers\exception.py", line 55, in inner
    response = get_response(request)
               ^^^^^^^^^^^^^^^^^^^^^
  File "C:\Users\MARCOSROBERTORODRIGU\Documents\Estudos_Informatica\Projeto_PI_III\Projeto_PI032026\trabalho\.venv\Lib\site-packages\django\core\handlers\base.py", line 197, in _get_response
    response = wrapped_callback(request, *callback_args, **callback_kwargs)
               ^^^^^^^^^^^^^^^^^^^^^^^^^^^^^^^^^^^^^^^^^^^^^^^^^^^^^^^^^^^^
  File "C:\Users\MARCOSROBERTORODRIGU\Documents\Estudos_Informatica\Projeto_PI_III\Projeto_PI032026\trabalho\core\views.py", line 228, in dashboard
    return render(request, "core/dashboard.html", context)
           ^^^^^^^^^^^^^^^^^^^^^^^^^^^^^^^^^^^^^^^^^^^^^^^
  File "C:\Users\MARCOSROBERTORODRIGU\Documents\Estudos_Informatica\Projeto_PI_III\Projeto_PI032026\trabalho\.venv\Lib\site-packages\django\shortcuts.py", line 25, in render
    content = loader.render_to_string(template_name, context, request, using=using)
              ^^^^^^^^^^^^^^^^^^^^^^^^^^^^^^^^^^^^^^^^^^^^^^^^^^^^^^^^^^^^^^^^^^^^^
  File "C:\Users\MARCOSROBERTORODRIGU\Documents\Estudos_Informatica\Projeto_PI_III\Projeto_PI032026\trabalho\.venv\Lib\site-packages\django\template\loader.py", line 61, in render_to_string
    template = get_template(template_name, using=using)
               ^^^^^^^^^^^^^^^^^^^^^^^^^^^^^^^^^^^^^^^^
  File "C:\Users\MARCOSROBERTORODRIGU\Documents\Estudos_Informatica\Projeto_PI_III\Projeto_PI032026\trabalho\.venv\Lib\site-packages\django\template\loader.py", line 15, in get_template
    return engine.get_template(template_name)
           ^^^^^^^^^^^^^^^^^^^^^^^^^^^^^^^^^^
  File "C:\Users\MARCOSROBERTORODRIGU\Documents\Estudos_Informatica\Projeto_PI_III\Projeto_PI032026\trabalho\.venv\Lib\site-packages\django\template\backends\django.py", line 79, in get_template
    return Template(self.engine.get_template(template_name), self)
                    ^^^^^^^^^^^^^^^^^^^^^^^^^^^^^^^^^^^^^^^
  File "C:\Users\MARCOSROBERTORODRIGU\Documents\Estudos_Informatica\Projeto_PI_III\Projeto_PI032026\trabalho\.venv\Lib\site-packages\django\template\engine.py", line 177, in get_template
    template, origin = self.find_template(template_name)
                       ^^^^^^^^^^^^^^^^^^^^^^^^^^^^^^^^^
  File "C:\Users\MARCOSROBERTORODRIGU\Documents\Estudos_Informatica\Projeto_PI_III\Projeto_PI032026\trabalho\.venv\Lib\site-packages\django\template\engine.py", line 159, in find_template
    template = loader.get_template(name, skip=skip)
               ^^^^^^^^^^^^^^^^^^^^^^^^^^^^^^^^^^^^
  File "C:\Users\MARCOSROBERTORODRIGU\Documents\Estudos_Informatica\Projeto_PI_III\Projeto_PI032026\trabalho\.venv\Lib\site-packages\django\template\loaders\cached.py", line 57, in get_template
    template = super().get_template(template_name, skip)
               ^^^^^^^^^^^^^^^^^^^^^^^^^^^^^^^^^^^^^^^^^
  File "C:\Users\MARCOSROBERTORODRIGU\Documents\Estudos_Informatica\Projeto_PI_III\Projeto_PI032026\trabalho\.venv\Lib\site-packages\django\template\loaders\base.py", line 28, in get_template
    return Template(
           ^^^^^^^^^
  File "C:\Users\MARCOSROBERTORODRIGU\Documents\Estudos_Informatica\Projeto_PI_III\Projeto_PI032026\trabalho\.venv\Lib\site-packages\django\template\base.py", line 155, in __init__
    self.nodelist = self.compile_nodelist()
                    ^^^^^^^^^^^^^^^^^^^^^^^
  File "C:\Users\MARCOSROBERTORODRIGU\Documents\Estudos_Informatica\Projeto_PI_III\Projeto_PI032026\trabalho\.venv\Lib\site-packages\django\template\base.py", line 197, in compile_nodelist
    nodelist = parser.parse()
               ^^^^^^^^^^^^^^
  File "C:\Users\MARCOSROBERTORODRIGU\Documents\Estudos_Informatica\Projeto_PI_III\Projeto_PI032026\trabalho\.venv\Lib\site-packages\django\template\base.py", line 490, in parse
    raise self.error(token, e)
  File "C:\Users\MARCOSROBERTORODRIGU\Documents\Estudos_Informatica\Projeto_PI_III\Projeto_PI032026\trabalho\.venv\Lib\site-packages\django\template\base.py", line 488, in parse
    filter_expression = self.compile_filter(token.contents)
                        ^^^^^^^^^^^^^^^^^^^^^^^^^^^^^^^^^^^
  File "C:\Users\MARCOSROBERTORODRIGU\Documents\Estudos_Informatica\Projeto_PI_III\Projeto_PI032026\trabalho\.venv\Lib\site-packages\django\template\base.py", line 610, in compile_filter
    return FilterExpression(token, self)
           ^^^^^^^^^^^^^^^^^^^^^^^^^^^^^
  File "C:\Users\MARCOSROBERTORODRIGU\Documents\Estudos_Informatica\Projeto_PI_III\Projeto_PI032026\trabalho\.venv\Lib\site-packages\django\template\base.py", line 683, in __init__
    raise TemplateSyntaxError(
django.template.exceptions.TemplateSyntaxError: Could not parse some characters: Cliente.objects.count|()| | safe
"GET /dashboard/ HTTP/1.1" 500 161986
Internal Server Error: /dashboard/
Traceback (most recent call last):
  File "C:\Users\MARCOSROBERTORODRIGU\Documents\Estudos_Informatica\Projeto_PI_III\Projeto_PI032026\trabalho\.venv\Lib\site-packages\django\core\handlers\exception.py", line 55, in inner
    response = get_response(request)
               ^^^^^^^^^^^^^^^^^^^^^
  File "C:\Users\MARCOSROBERTORODRIGU\Documents\Estudos_Informatica\Projeto_PI_III\Projeto_PI032026\trabalho\.venv\Lib\site-packages\django\core\handlers\base.py", line 197, in _get_response
    response = wrapped_callback(request, *callback_args, **callback_kwargs)
               ^^^^^^^^^^^^^^^^^^^^^^^^^^^^^^^^^^^^^^^^^^^^^^^^^^^^^^^^^^^^
  File "C:\Users\MARCOSROBERTORODRIGU\Documents\Estudos_Informatica\Projeto_PI_III\Projeto_PI032026\trabalho\core\views.py", line 228, in dashboard
    return render(request, "core/dashboard.html", context)
           ^^^^^^^^^^^^^^^^^^^^^^^^^^^^^^^^^^^^^^^^^^^^^^^
  File "C:\Users\MARCOSROBERTORODRIGU\Documents\Estudos_Informatica\Projeto_PI_III\Projeto_PI032026\trabalho\.venv\Lib\site-packages\django\shortcuts.py", line 25, in render
    content = loader.render_to_string(template_name, context, request, using=using)
              ^^^^^^^^^^^^^^^^^^^^^^^^^^^^^^^^^^^^^^^^^^^^^^^^^^^^^^^^^^^^^^^^^^^^^
  File "C:\Users\MARCOSROBERTORODRIGU\Documents\Estudos_Informatica\Projeto_PI_III\Projeto_PI032026\trabalho\.venv\Lib\site-packages\django\template\loader.py", line 61, in render_to_string
    template = get_template(template_name, using=using)
               ^^^^^^^^^^^^^^^^^^^^^^^^^^^^^^^^^^^^^^^^
  File "C:\Users\MARCOSROBERTORODRIGU\Documents\Estudos_Informatica\Projeto_PI_III\Projeto_PI032026\trabalho\.venv\Lib\site-packages\django\template\loader.py", line 15, in get_template
    return engine.get_template(template_name)
           ^^^^^^^^^^^^^^^^^^^^^^^^^^^^^^^^^^
  File "C:\Users\MARCOSROBERTORODRIGU\Documents\Estudos_Informatica\Projeto_PI_III\Projeto_PI032026\trabalho\.venv\Lib\site-packages\django\template\backends\django.py", line 79, in get_template
    return Template(self.engine.get_template(template_name), self)
                    ^^^^^^^^^^^^^^^^^^^^^^^^^^^^^^^^^^^^^^^
  File "C:\Users\MARCOSROBERTORODRIGU\Documents\Estudos_Informatica\Projeto_PI_III\Projeto_PI032026\trabalho\.venv\Lib\site-packages\django\template\engine.py", line 177, in get_template
    template, origin = self.find_template(template_name)
                       ^^^^^^^^^^^^^^^^^^^^^^^^^^^^^^^^^
  File "C:\Users\MARCOSROBERTORODRIGU\Documents\Estudos_Informatica\Projeto_PI_III\Projeto_PI032026\trabalho\.venv\Lib\site-packages\django\template\engine.py", line 159, in find_template
    template = loader.get_template(name, skip=skip)
               ^^^^^^^^^^^^^^^^^^^^^^^^^^^^^^^^^^^^
  File "C:\Users\MARCOSROBERTORODRIGU\Documents\Estudos_Informatica\Projeto_PI_III\Projeto_PI032026\trabalho\.venv\Lib\site-packages\django\template\loaders\cached.py", line 57, in get_template
    template = super().get_template(template_name, skip)
               ^^^^^^^^^^^^^^^^^^^^^^^^^^^^^^^^^^^^^^^^^
  File "C:\Users\MARCOSROBERTORODRIGU\Documents\Estudos_Informatica\Projeto_PI_III\Projeto_PI032026\trabalho\.venv\Lib\site-packages\django\template\loaders\base.py", line 28, in get_template
    return Template(
           ^^^^^^^^^
  File "C:\Users\MARCOSROBERTORODRIGU\Documents\Estudos_Informatica\Projeto_PI_III\Projeto_PI032026\trabalho\.venv\Lib\site-packages\django\template\base.py", line 155, in __init__
    self.nodelist = self.compile_nodelist()
                    ^^^^^^^^^^^^^^^^^^^^^^^
  File "C:\Users\MARCOSROBERTORODRIGU\Documents\Estudos_Informatica\Projeto_PI_III\Projeto_PI032026\trabalho\.venv\Lib\site-packages\django\template\base.py", line 197, in compile_nodelist
    nodelist = parser.parse()
               ^^^^^^^^^^^^^^
  File "C:\Users\MARCOSROBERTORODRIGU\Documents\Estudos_Informatica\Projeto_PI_III\Projeto_PI032026\trabalho\.venv\Lib\site-packages\django\template\base.py", line 490, in parse
    raise self.error(token, e)
  File "C:\Users\MARCOSROBERTORODRIGU\Documents\Estudos_Informatica\Projeto_PI_III\Projeto_PI032026\trabalho\.venv\Lib\site-packages\django\template\base.py", line 488, in parse
    filter_expression = self.compile_filter(token.contents)
                        ^^^^^^^^^^^^^^^^^^^^^^^^^^^^^^^^^^^
  File "C:\Users\MARCOSROBERTORODRIGU\Documents\Estudos_Informatica\Projeto_PI_III\Projeto_PI032026\trabalho\.venv\Lib\site-packages\django\template\base.py", line 610, in compile_filter
    return FilterExpression(token, self)
           ^^^^^^^^^^^^^^^^^^^^^^^^^^^^^
  File "C:\Users\MARCOSROBERTORODRIGU\Documents\Estudos_Informatica\Projeto_PI_III\Projeto_PI032026\trabalho\.venv\Lib\site-packages\django\template\base.py", line 694, in __init__
    raise TemplateSyntaxError(
django.template.exceptions.TemplateSyntaxError: Could not find variable at start of | safe.
"GET /dashboard/ HTTP/1.1" 500 161566
Internal Server Error: /dashboard/
Traceback (most recent call last):
  File "C:\Users\MARCOSROBERTORODRIGU\Documents\Estudos_Informatica\Projeto_PI_III\Projeto_PI032026\trabalho\.venv\Lib\site-packages\django\core\handlers\exception.py", line 55, in inner
    response = get_response(request)
               ^^^^^^^^^^^^^^^^^^^^^
  File "C:\Users\MARCOSROBERTORODRIGU\Documents\Estudos_Informatica\Projeto_PI_III\Projeto_PI032026\trabalho\.venv\Lib\site-packages\django\core\handlers\base.py", line 197, in _get_response
    response = wrapped_callback(request, *callback_args, **callback_kwargs)
               ^^^^^^^^^^^^^^^^^^^^^^^^^^^^^^^^^^^^^^^^^^^^^^^^^^^^^^^^^^^^
  File "C:\Users\MARCOSROBERTORODRIGU\Documents\Estudos_Informatica\Projeto_PI_III\Projeto_PI032026\trabalho\core\views.py", line 228, in dashboard
    return render(request, "core/dashboard.html", context)
           ^^^^^^^^^^^^^^^^^^^^^^^^^^^^^^^^^^^^^^^^^^^^^^^
  File "C:\Users\MARCOSROBERTORODRIGU\Documents\Estudos_Informatica\Projeto_PI_III\Projeto_PI032026\trabalho\.venv\Lib\site-packages\django\shortcuts.py", line 25, in render
    content = loader.render_to_string(template_name, context, request, using=using)
              ^^^^^^^^^^^^^^^^^^^^^^^^^^^^^^^^^^^^^^^^^^^^^^^^^^^^^^^^^^^^^^^^^^^^^
  File "C:\Users\MARCOSROBERTORODRIGU\Documents\Estudos_Informatica\Projeto_PI_III\Projeto_PI032026\trabalho\.venv\Lib\site-packages\django\template\loader.py", line 61, in render_to_string
    template = get_template(template_name, using=using)
               ^^^^^^^^^^^^^^^^^^^^^^^^^^^^^^^^^^^^^^^^
  File "C:\Users\MARCOSROBERTORODRIGU\Documents\Estudos_Informatica\Projeto_PI_III\Projeto_PI032026\trabalho\.venv\Lib\site-packages\django\template\loader.py", line 15, in get_template
    return engine.get_template(template_name)
           ^^^^^^^^^^^^^^^^^^^^^^^^^^^^^^^^^^
  File "C:\Users\MARCOSROBERTORODRIGU\Documents\Estudos_Informatica\Projeto_PI_III\Projeto_PI032026\trabalho\.venv\Lib\site-packages\django\template\backends\django.py", line 79, in get_template
    return Template(self.engine.get_template(template_name), self)
                    ^^^^^^^^^^^^^^^^^^^^^^^^^^^^^^^^^^^^^^^
  File "C:\Users\MARCOSROBERTORODRIGU\Documents\Estudos_Informatica\Projeto_PI_III\Projeto_PI032026\trabalho\.venv\Lib\site-packages\django\template\engine.py", line 177, in get_template
    template, origin = self.find_template(template_name)
                       ^^^^^^^^^^^^^^^^^^^^^^^^^^^^^^^^^
  File "C:\Users\MARCOSROBERTORODRIGU\Documents\Estudos_Informatica\Projeto_PI_III\Projeto_PI032026\trabalho\.venv\Lib\site-packages\django\template\engine.py", line 159, in find_template
    template = loader.get_template(name, skip=skip)
               ^^^^^^^^^^^^^^^^^^^^^^^^^^^^^^^^^^^^
  File "C:\Users\MARCOSROBERTORODRIGU\Documents\Estudos_Informatica\Projeto_PI_III\Projeto_PI032026\trabalho\.venv\Lib\site-packages\django\template\loaders\cached.py", line 57, in get_template
    template = super().get_template(template_name, skip)
               ^^^^^^^^^^^^^^^^^^^^^^^^^^^^^^^^^^^^^^^^^
  File "C:\Users\MARCOSROBERTORODRIGU\Documents\Estudos_Informatica\Projeto_PI_III\Projeto_PI032026\trabalho\.venv\Lib\site-packages\django\template\loaders\base.py", line 28, in get_template
    return Template(
           ^^^^^^^^^
  File "C:\Users\MARCOSROBERTORODRIGU\Documents\Estudos_Informatica\Projeto_PI_III\Projeto_PI032026\trabalho\.venv\Lib\site-packages\django\template\base.py", line 155, in __init__
    self.nodelist = self.compile_nodelist()
                    ^^^^^^^^^^^^^^^^^^^^^^^
  File "C:\Users\MARCOSROBERTORODRIGU\Documents\Estudos_Informatica\Projeto_PI_III\Projeto_PI032026\trabalho\.venv\Lib\site-packages\django\template\base.py", line 197, in compile_nodelist
    nodelist = parser.parse()
               ^^^^^^^^^^^^^^
  File "C:\Users\MARCOSROBERTORODRIGU\Documents\Estudos_Informatica\Projeto_PI_III\Projeto_PI032026\trabalho\.venv\Lib\site-packages\django\template\base.py", line 490, in parse
    raise self.error(token, e)
  File "C:\Users\MARCOSROBERTORODRIGU\Documents\Estudos_Informatica\Projeto_PI_III\Projeto_PI032026\trabalho\.venv\Lib\site-packages\django\template\base.py", line 488, in parse
    filter_expression = self.compile_filter(token.contents)
                        ^^^^^^^^^^^^^^^^^^^^^^^^^^^^^^^^^^^
  File "C:\Users\MARCOSROBERTORODRIGU\Documents\Estudos_Informatica\Projeto_PI_III\Projeto_PI032026\trabalho\.venv\Lib\site-packages\django\template\base.py", line 610, in compile_filter
    return FilterExpression(token, self)
           ^^^^^^^^^^^^^^^^^^^^^^^^^^^^^
  File "C:\Users\MARCOSROBERTORODRIGU\Documents\Estudos_Informatica\Projeto_PI_III\Projeto_PI032026\trabalho\.venv\Lib\site-packages\django\template\base.py", line 694, in __init__
    raise TemplateSyntaxError(
django.template.exceptions.TemplateSyntaxError: Could not find variable at start of | safe.
"GET /dashboard/ HTTP/1.1" 500 161564
Internal Server Error: /dashboard/
Traceback (most recent call last):
  File "C:\Users\MARCOSROBERTORODRIGU\Documents\Estudos_Informatica\Projeto_PI_III\Projeto_PI032026\trabalho\.venv\Lib\site-packages\django\core\handlers\exception.py", line 55, in inner
    response = get_response(request)
               ^^^^^^^^^^^^^^^^^^^^^
  File "C:\Users\MARCOSROBERTORODRIGU\Documents\Estudos_Informatica\Projeto_PI_III\Projeto_PI032026\trabalho\.venv\Lib\site-packages\django\core\handlers\base.py", line 197, in _get_response
    response = wrapped_callback(request, *callback_args, **callback_kwargs)
               ^^^^^^^^^^^^^^^^^^^^^^^^^^^^^^^^^^^^^^^^^^^^^^^^^^^^^^^^^^^^
  File "C:\Users\MARCOSROBERTORODRIGU\Documents\Estudos_Informatica\Projeto_PI_III\Projeto_PI032026\trabalho\core\views.py", line 228, in dashboard
    return render(request, "core/dashboard.html", context)
           ^^^^^^^^^^^^^^^^^^^^^^^^^^^^^^^^^^^^^^^^^^^^^^^
  File "C:\Users\MARCOSROBERTORODRIGU\Documents\Estudos_Informatica\Projeto_PI_III\Projeto_PI032026\trabalho\.venv\Lib\site-packages\django\shortcuts.py", line 25, in render
    content = loader.render_to_string(template_name, context, request, using=using)
              ^^^^^^^^^^^^^^^^^^^^^^^^^^^^^^^^^^^^^^^^^^^^^^^^^^^^^^^^^^^^^^^^^^^^^
  File "C:\Users\MARCOSROBERTORODRIGU\Documents\Estudos_Informatica\Projeto_PI_III\Projeto_PI032026\trabalho\.venv\Lib\site-packages\django\template\loader.py", line 61, in render_to_string
    template = get_template(template_name, using=using)
               ^^^^^^^^^^^^^^^^^^^^^^^^^^^^^^^^^^^^^^^^
  File "C:\Users\MARCOSROBERTORODRIGU\Documents\Estudos_Informatica\Projeto_PI_III\Projeto_PI032026\trabalho\.venv\Lib\site-packages\django\template\loader.py", line 15, in get_template
    return engine.get_template(template_name)
           ^^^^^^^^^^^^^^^^^^^^^^^^^^^^^^^^^^
  File "C:\Users\MARCOSROBERTORODRIGU\Documents\Estudos_Informatica\Projeto_PI_III\Projeto_PI032026\trabalho\.venv\Lib\site-packages\django\template\backends\django.py", line 79, in get_template
    return Template(self.engine.get_template(template_name), self)
                    ^^^^^^^^^^^^^^^^^^^^^^^^^^^^^^^^^^^^^^^
  File "C:\Users\MARCOSROBERTORODRIGU\Documents\Estudos_Informatica\Projeto_PI_III\Projeto_PI032026\trabalho\.venv\Lib\site-packages\django\template\engine.py", line 177, in get_template
    template, origin = self.find_template(template_name)
                       ^^^^^^^^^^^^^^^^^^^^^^^^^^^^^^^^^
  File "C:\Users\MARCOSROBERTORODRIGU\Documents\Estudos_Informatica\Projeto_PI_III\Projeto_PI032026\trabalho\.venv\Lib\site-packages\django\template\engine.py", line 159, in find_template
    template = loader.get_template(name, skip=skip)
               ^^^^^^^^^^^^^^^^^^^^^^^^^^^^^^^^^^^^
  File "C:\Users\MARCOSROBERTORODRIGU\Documents\Estudos_Informatica\Projeto_PI_III\Projeto_PI032026\trabalho\.venv\Lib\site-packages\django\template\loaders\cached.py", line 57, in get_template
    template = super().get_template(template_name, skip)
               ^^^^^^^^^^^^^^^^^^^^^^^^^^^^^^^^^^^^^^^^^
  File "C:\Users\MARCOSROBERTORODRIGU\Documents\Estudos_Informatica\Projeto_PI_III\Projeto_PI032026\trabalho\.venv\Lib\site-packages\django\template\loaders\base.py", line 28, in get_template
    return Template(
           ^^^^^^^^^
  File "C:\Users\MARCOSROBERTORODRIGU\Documents\Estudos_Informatica\Projeto_PI_III\Projeto_PI032026\trabalho\.venv\Lib\site-packages\django\template\base.py", line 155, in __init__
    self.nodelist = self.compile_nodelist()
                    ^^^^^^^^^^^^^^^^^^^^^^^
  File "C:\Users\MARCOSROBERTORODRIGU\Documents\Estudos_Informatica\Projeto_PI_III\Projeto_PI032026\trabalho\.venv\Lib\site-packages\django\template\base.py", line 197, in compile_nodelist
    nodelist = parser.parse()
               ^^^^^^^^^^^^^^
  File "C:\Users\MARCOSROBERTORODRIGU\Documents\Estudos_Informatica\Projeto_PI_III\Projeto_PI032026\trabalho\.venv\Lib\site-packages\django\template\base.py", line 490, in parse
    raise self.error(token, e)
  File "C:\Users\MARCOSROBERTORODRIGU\Documents\Estudos_Informatica\Projeto_PI_III\Projeto_PI032026\trabalho\.venv\Lib\site-packages\django\template\base.py", line 488, in parse
    filter_expression = self.compile_filter(token.contents)
                        ^^^^^^^^^^^^^^^^^^^^^^^^^^^^^^^^^^^
  File "C:\Users\MARCOSROBERTORODRIGU\Documents\Estudos_Informatica\Projeto_PI_III\Projeto_PI032026\trabalho\.venv\Lib\site-packages\django\template\base.py", line 610, in compile_filter
    return FilterExpression(token, self)
           ^^^^^^^^^^^^^^^^^^^^^^^^^^^^^
  File "C:\Users\MARCOSROBERTORODRIGU\Documents\Estudos_Informatica\Projeto_PI_III\Projeto_PI032026\trabalho\.venv\Lib\site-packages\django\template\base.py", line 694, in __init__
    raise TemplateSyntaxError(
django.template.exceptions.TemplateSyntaxError: Could not find variable at start of | safe.
"GET /dashboard/ HTTP/1.1" 500 161564
Internal Server Error: /dashboard/
Traceback (most recent call last):
  File "C:\Users\MARCOSROBERTORODRIGU\Documents\Estudos_Informatica\Projeto_PI_III\Projeto_PI032026\trabalho\.venv\Lib\site-packages\django\core\handlers\exception.py", line 55, in inner
    response = get_response(request)
               ^^^^^^^^^^^^^^^^^^^^^
  File "C:\Users\MARCOSROBERTORODRIGU\Documents\Estudos_Informatica\Projeto_PI_III\Projeto_PI032026\trabalho\.venv\Lib\site-packages\django\core\handlers\base.py", line 197, in _get_response
    response = wrapped_callback(request, *callback_args, **callback_kwargs)
               ^^^^^^^^^^^^^^^^^^^^^^^^^^^^^^^^^^^^^^^^^^^^^^^^^^^^^^^^^^^^
  File "C:\Users\MARCOSROBERTORODRIGU\Documents\Estudos_Informatica\Projeto_PI_III\Projeto_PI032026\trabalho\core\views.py", line 228, in dashboard
    return render(request, "core/dashboard.html", context)
           ^^^^^^^^^^^^^^^^^^^^^^^^^^^^^^^^^^^^^^^^^^^^^^^
  File "C:\Users\MARCOSROBERTORODRIGU\Documents\Estudos_Informatica\Projeto_PI_III\Projeto_PI032026\trabalho\.venv\Lib\site-packages\django\shortcuts.py", line 25, in render
    content = loader.render_to_string(template_name, context, request, using=using)
              ^^^^^^^^^^^^^^^^^^^^^^^^^^^^^^^^^^^^^^^^^^^^^^^^^^^^^^^^^^^^^^^^^^^^^
  File "C:\Users\MARCOSROBERTORODRIGU\Documents\Estudos_Informatica\Projeto_PI_III\Projeto_PI032026\trabalho\.venv\Lib\site-packages\django\template\loader.py", line 61, in render_to_string
    template = get_template(template_name, using=using)
               ^^^^^^^^^^^^^^^^^^^^^^^^^^^^^^^^^^^^^^^^
  File "C:\Users\MARCOSROBERTORODRIGU\Documents\Estudos_Informatica\Projeto_PI_III\Projeto_PI032026\trabalho\.venv\Lib\site-packages\django\template\loader.py", line 15, in get_template
    return engine.get_template(template_name)
           ^^^^^^^^^^^^^^^^^^^^^^^^^^^^^^^^^^
  File "C:\Users\MARCOSROBERTORODRIGU\Documents\Estudos_Informatica\Projeto_PI_III\Projeto_PI032026\trabalho\.venv\Lib\site-packages\django\template\backends\django.py", line 79, in get_template
    return Template(self.engine.get_template(template_name), self)
                    ^^^^^^^^^^^^^^^^^^^^^^^^^^^^^^^^^^^^^^^
  File "C:\Users\MARCOSROBERTORODRIGU\Documents\Estudos_Informatica\Projeto_PI_III\Projeto_PI032026\trabalho\.venv\Lib\site-packages\django\template\engine.py", line 177, in get_template
    template, origin = self.find_template(template_name)
                       ^^^^^^^^^^^^^^^^^^^^^^^^^^^^^^^^^
  File "C:\Users\MARCOSROBERTORODRIGU\Documents\Estudos_Informatica\Projeto_PI_III\Projeto_PI032026\trabalho\.venv\Lib\site-packages\django\template\engine.py", line 159, in find_template
    template = loader.get_template(name, skip=skip)
               ^^^^^^^^^^^^^^^^^^^^^^^^^^^^^^^^^^^^
  File "C:\Users\MARCOSROBERTORODRIGU\Documents\Estudos_Informatica\Projeto_PI_III\Projeto_PI032026\trabalho\.venv\Lib\site-packages\django\template\loaders\cached.py", line 57, in get_template
    template = super().get_template(template_name, skip)
               ^^^^^^^^^^^^^^^^^^^^^^^^^^^^^^^^^^^^^^^^^
  File "C:\Users\MARCOSROBERTORODRIGU\Documents\Estudos_Informatica\Projeto_PI_III\Projeto_PI032026\trabalho\.venv\Lib\site-packages\django\template\loaders\base.py", line 28, in get_template
    return Template(
           ^^^^^^^^^
  File "C:\Users\MARCOSROBERTORODRIGU\Documents\Estudos_Informatica\Projeto_PI_III\Projeto_PI032026\trabalho\.venv\Lib\site-packages\django\template\base.py", line 155, in __init__
    self.nodelist = self.compile_nodelist()
                    ^^^^^^^^^^^^^^^^^^^^^^^
  File "C:\Users\MARCOSROBERTORODRIGU\Documents\Estudos_Informatica\Projeto_PI_III\Projeto_PI032026\trabalho\.venv\Lib\site-packages\django\template\base.py", line 197, in compile_nodelist
    nodelist = parser.parse()
               ^^^^^^^^^^^^^^
  File "C:\Users\MARCOSROBERTORODRIGU\Documents\Estudos_Informatica\Projeto_PI_III\Projeto_PI032026\trabalho\.venv\Lib\site-packages\django\template\base.py", line 490, in parse
    raise self.error(token, e)
  File "C:\Users\MARCOSROBERTORODRIGU\Documents\Estudos_Informatica\Projeto_PI_III\Projeto_PI032026\trabalho\.venv\Lib\site-packages\django\template\base.py", line 488, in parse
    filter_expression = self.compile_filter(token.contents)
                        ^^^^^^^^^^^^^^^^^^^^^^^^^^^^^^^^^^^
  File "C:\Users\MARCOSROBERTORODRIGU\Documents\Estudos_Informatica\Projeto_PI_III\Projeto_PI032026\trabalho\.venv\Lib\site-packages\django\template\base.py", line 610, in compile_filter
    return FilterExpression(token, self)
           ^^^^^^^^^^^^^^^^^^^^^^^^^^^^^
  File "C:\Users\MARCOSROBERTORODRIGU\Documents\Estudos_Informatica\Projeto_PI_III\Projeto_PI032026\trabalho\.venv\Lib\site-packages\django\template\base.py", line 694, in __init__
    raise TemplateSyntaxError(
django.template.exceptions.TemplateSyntaxError: Could not find variable at start of | safe.
"GET /dashboard/ HTTP/1.1" 500 161562
Internal Server Error: /dashboard/
Traceback (most recent call last):
  File "C:\Users\MARCOSROBERTORODRIGU\Documents\Estudos_Informatica\Projeto_PI_III\Projeto_PI032026\trabalho\.venv\Lib\site-packages\django\core\handlers\exception.py", line 55, in inner
    response = get_response(request)
               ^^^^^^^^^^^^^^^^^^^^^
  File "C:\Users\MARCOSROBERTORODRIGU\Documents\Estudos_Informatica\Projeto_PI_III\Projeto_PI032026\trabalho\.venv\Lib\site-packages\django\core\handlers\base.py", line 197, in _get_response
    response = wrapped_callback(request, *callback_args, **callback_kwargs)
               ^^^^^^^^^^^^^^^^^^^^^^^^^^^^^^^^^^^^^^^^^^^^^^^^^^^^^^^^^^^^
  File "C:\Users\MARCOSROBERTORODRIGU\Documents\Estudos_Informatica\Projeto_PI_III\Projeto_PI032026\trabalho\core\views.py", line 228, in dashboard
    return render(request, "core/dashboard.html", context)
           ^^^^^^^^^^^^^^^^^^^^^^^^^^^^^^^^^^^^^^^^^^^^^^^
  File "C:\Users\MARCOSROBERTORODRIGU\Documents\Estudos_Informatica\Projeto_PI_III\Projeto_PI032026\trabalho\.venv\Lib\site-packages\django\shortcuts.py", line 25, in render
    content = loader.render_to_string(template_name, context, request, using=using)
              ^^^^^^^^^^^^^^^^^^^^^^^^^^^^^^^^^^^^^^^^^^^^^^^^^^^^^^^^^^^^^^^^^^^^^
  File "C:\Users\MARCOSROBERTORODRIGU\Documents\Estudos_Informatica\Projeto_PI_III\Projeto_PI032026\trabalho\.venv\Lib\site-packages\django\template\loader.py", line 61, in render_to_string
    template = get_template(template_name, using=using)
               ^^^^^^^^^^^^^^^^^^^^^^^^^^^^^^^^^^^^^^^^
  File "C:\Users\MARCOSROBERTORODRIGU\Documents\Estudos_Informatica\Projeto_PI_III\Projeto_PI032026\trabalho\.venv\Lib\site-packages\django\template\loader.py", line 15, in get_template
    return engine.get_template(template_name)
           ^^^^^^^^^^^^^^^^^^^^^^^^^^^^^^^^^^
  File "C:\Users\MARCOSROBERTORODRIGU\Documents\Estudos_Informatica\Projeto_PI_III\Projeto_PI032026\trabalho\.venv\Lib\site-packages\django\template\backends\django.py", line 79, in get_template
    return Template(self.engine.get_template(template_name), self)
                    ^^^^^^^^^^^^^^^^^^^^^^^^^^^^^^^^^^^^^^^
  File "C:\Users\MARCOSROBERTORODRIGU\Documents\Estudos_Informatica\Projeto_PI_III\Projeto_PI032026\trabalho\.venv\Lib\site-packages\django\template\engine.py", line 177, in get_template
    template, origin = self.find_template(template_name)
                       ^^^^^^^^^^^^^^^^^^^^^^^^^^^^^^^^^
  File "C:\Users\MARCOSROBERTORODRIGU\Documents\Estudos_Informatica\Projeto_PI_III\Projeto_PI032026\trabalho\.venv\Lib\site-packages\django\template\engine.py", line 159, in find_template
    template = loader.get_template(name, skip=skip)
               ^^^^^^^^^^^^^^^^^^^^^^^^^^^^^^^^^^^^
  File "C:\Users\MARCOSROBERTORODRIGU\Documents\Estudos_Informatica\Projeto_PI_III\Projeto_PI032026\trabalho\.venv\Lib\site-packages\django\template\loaders\cached.py", line 57, in get_template
    template = super().get_template(template_name, skip)
               ^^^^^^^^^^^^^^^^^^^^^^^^^^^^^^^^^^^^^^^^^
  File "C:\Users\MARCOSROBERTORODRIGU\Documents\Estudos_Informatica\Projeto_PI_III\Projeto_PI032026\trabalho\.venv\Lib\site-packages\django\template\loaders\base.py", line 28, in get_template
    return Template(
           ^^^^^^^^^
  File "C:\Users\MARCOSROBERTORODRIGU\Documents\Estudos_Informatica\Projeto_PI_III\Projeto_PI032026\trabalho\.venv\Lib\site-packages\django\template\base.py", line 155, in __init__
    self.nodelist = self.compile_nodelist()
                    ^^^^^^^^^^^^^^^^^^^^^^^
  File "C:\Users\MARCOSROBERTORODRIGU\Documents\Estudos_Informatica\Projeto_PI_III\Projeto_PI032026\trabalho\.venv\Lib\site-packages\django\template\base.py", line 197, in compile_nodelist
    nodelist = parser.parse()
               ^^^^^^^^^^^^^^
  File "C:\Users\MARCOSROBERTORODRIGU\Documents\Estudos_Informatica\Projeto_PI_III\Projeto_PI032026\trabalho\.venv\Lib\site-packages\django\template\base.py", line 490, in parse
    raise self.error(token, e)
  File "C:\Users\MARCOSROBERTORODRIGU\Documents\Estudos_Informatica\Projeto_PI_III\Projeto_PI032026\trabalho\.venv\Lib\site-packages\django\template\base.py", line 488, in parse
    filter_expression = self.compile_filter(token.contents)
                        ^^^^^^^^^^^^^^^^^^^^^^^^^^^^^^^^^^^
  File "C:\Users\MARCOSROBERTORODRIGU\Documents\Estudos_Informatica\Projeto_PI_III\Projeto_PI032026\trabalho\.venv\Lib\site-packages\django\template\base.py", line 610, in compile_filter
    return FilterExpression(token, self)
           ^^^^^^^^^^^^^^^^^^^^^^^^^^^^^
  File "C:\Users\MARCOSROBERTORODRIGU\Documents\Estudos_Informatica\Projeto_PI_III\Projeto_PI032026\trabalho\.venv\Lib\site-packages\django\template\base.py", line 694, in __init__
    raise TemplateSyntaxError(
django.template.exceptions.TemplateSyntaxError: Could not find variable at start of | safe.
"GET /dashboard/ HTTP/1.1" 500 161562
Internal Server Error: /dashboard/
Traceback (most recent call last):
  File "C:\Users\MARCOSROBERTORODRIGU\Documents\Estudos_Informatica\Projeto_PI_III\Projeto_PI032026\trabalho\.venv\Lib\site-packages\django\core\handlers\exception.py", line 55, in inner
    response = get_response(request)
               ^^^^^^^^^^^^^^^^^^^^^
  File "C:\Users\MARCOSROBERTORODRIGU\Documents\Estudos_Informatica\Projeto_PI_III\Projeto_PI032026\trabalho\.venv\Lib\site-packages\django\core\handlers\base.py", line 197, in _get_response
    response = wrapped_callback(request, *callback_args, **callback_kwargs)
               ^^^^^^^^^^^^^^^^^^^^^^^^^^^^^^^^^^^^^^^^^^^^^^^^^^^^^^^^^^^^
  File "C:\Users\MARCOSROBERTORODRIGU\Documents\Estudos_Informatica\Projeto_PI_III\Projeto_PI032026\trabalho\core\views.py", line 228, in dashboard
    return render(request, "core/dashboard.html", context)
           ^^^^^^^^^^^^^^^^^^^^^^^^^^^^^^^^^^^^^^^^^^^^^^^
  File "C:\Users\MARCOSROBERTORODRIGU\Documents\Estudos_Informatica\Projeto_PI_III\Projeto_PI032026\trabalho\.venv\Lib\site-packages\django\shortcuts.py", line 25, in render
    content = loader.render_to_string(template_name, context, request, using=using)
              ^^^^^^^^^^^^^^^^^^^^^^^^^^^^^^^^^^^^^^^^^^^^^^^^^^^^^^^^^^^^^^^^^^^^^
  File "C:\Users\MARCOSROBERTORODRIGU\Documents\Estudos_Informatica\Projeto_PI_III\Projeto_PI032026\trabalho\.venv\Lib\site-packages\django\template\loader.py", line 61, in render_to_string
    template = get_template(template_name, using=using)
               ^^^^^^^^^^^^^^^^^^^^^^^^^^^^^^^^^^^^^^^^
  File "C:\Users\MARCOSROBERTORODRIGU\Documents\Estudos_Informatica\Projeto_PI_III\Projeto_PI032026\trabalho\.venv\Lib\site-packages\django\template\loader.py", line 15, in get_template
    return engine.get_template(template_name)
           ^^^^^^^^^^^^^^^^^^^^^^^^^^^^^^^^^^
  File "C:\Users\MARCOSROBERTORODRIGU\Documents\Estudos_Informatica\Projeto_PI_III\Projeto_PI032026\trabalho\.venv\Lib\site-packages\django\template\backends\django.py", line 79, in get_template
    return Template(self.engine.get_template(template_name), self)
                    ^^^^^^^^^^^^^^^^^^^^^^^^^^^^^^^^^^^^^^^
  File "C:\Users\MARCOSROBERTORODRIGU\Documents\Estudos_Informatica\Projeto_PI_III\Projeto_PI032026\trabalho\.venv\Lib\site-packages\django\template\engine.py", line 177, in get_template
    template, origin = self.find_template(template_name)
                       ^^^^^^^^^^^^^^^^^^^^^^^^^^^^^^^^^
  File "C:\Users\MARCOSROBERTORODRIGU\Documents\Estudos_Informatica\Projeto_PI_III\Projeto_PI032026\trabalho\.venv\Lib\site-packages\django\template\engine.py", line 159, in find_template
    template = loader.get_template(name, skip=skip)
               ^^^^^^^^^^^^^^^^^^^^^^^^^^^^^^^^^^^^
  File "C:\Users\MARCOSROBERTORODRIGU\Documents\Estudos_Informatica\Projeto_PI_III\Projeto_PI032026\trabalho\.venv\Lib\site-packages\django\template\loaders\cached.py", line 57, in get_template
    template = super().get_template(template_name, skip)
               ^^^^^^^^^^^^^^^^^^^^^^^^^^^^^^^^^^^^^^^^^
  File "C:\Users\MARCOSROBERTORODRIGU\Documents\Estudos_Informatica\Projeto_PI_III\Projeto_PI032026\trabalho\.venv\Lib\site-packages\django\template\loaders\base.py", line 28, in get_template
    return Template(
           ^^^^^^^^^
  File "C:\Users\MARCOSROBERTORODRIGU\Documents\Estudos_Informatica\Projeto_PI_III\Projeto_PI032026\trabalho\.venv\Lib\site-packages\django\template\base.py", line 155, in __init__
    self.nodelist = self.compile_nodelist()
                    ^^^^^^^^^^^^^^^^^^^^^^^
  File "C:\Users\MARCOSROBERTORODRIGU\Documents\Estudos_Informatica\Projeto_PI_III\Projeto_PI032026\trabalho\.venv\Lib\site-packages\django\template\base.py", line 197, in compile_nodelist
    nodelist = parser.parse()
               ^^^^^^^^^^^^^^
  File "C:\Users\MARCOSROBERTORODRIGU\Documents\Estudos_Informatica\Projeto_PI_III\Projeto_PI032026\trabalho\.venv\Lib\site-packages\django\template\base.py", line 490, in parse
    raise self.error(token, e)
  File "C:\Users\MARCOSROBERTORODRIGU\Documents\Estudos_Informatica\Projeto_PI_III\Projeto_PI032026\trabalho\.venv\Lib\site-packages\django\template\base.py", line 488, in parse
    filter_expression = self.compile_filter(token.contents)
                        ^^^^^^^^^^^^^^^^^^^^^^^^^^^^^^^^^^^
  File "C:\Users\MARCOSROBERTORODRIGU\Documents\Estudos_Informatica\Projeto_PI_III\Projeto_PI032026\trabalho\.venv\Lib\site-packages\django\template\base.py", line 610, in compile_filter
    return FilterExpression(token, self)
           ^^^^^^^^^^^^^^^^^^^^^^^^^^^^^
  File "C:\Users\MARCOSROBERTORODRIGU\Documents\Estudos_Informatica\Projeto_PI_III\Projeto_PI032026\trabalho\.venv\Lib\site-packages\django\template\base.py", line 683, in __init__
    raise TemplateSyntaxError(
django.template.exceptions.TemplateSyntaxError: Could not parse some characters: |{p.total}| | safe
"GET /dashboard/ HTTP/1.1" 500 161305
Internal Server Error: /carrinho/finalizar/
Traceback (most recent call last):
  File "C:\Users\MARCOSROBERTORODRIGU\Documents\Estudos_Informatica\Projeto_PI_III\Projeto_PI032026\trabalho\.venv\Lib\site-packages\django\core\handlers\exception.py", line 55, in inner
    response = get_response(request)
               ^^^^^^^^^^^^^^^^^^^^^
  File "C:\Users\MARCOSROBERTORODRIGU\Documents\Estudos_Informatica\Projeto_PI_III\Projeto_PI032026\trabalho\.venv\Lib\site-packages\django\core\handlers\base.py", line 197, in _get_response
    response = wrapped_callback(request, *callback_args, **callback_kwargs)
               ^^^^^^^^^^^^^^^^^^^^^^^^^^^^^^^^^^^^^^^^^^^^^^^^^^^^^^^^^^^^
  File "F:\Para_meus_estudos\Projeto_PI_III\Projeto_PI032026\trabalho\core\views.py", line 156, in finalizar_pedido
    return redirect('dashboard')
           ^^^^^^^^^^^^^^^^^^^^^
  File "C:\Users\MARCOSROBERTORODRIGU\Documents\Estudos_Informatica\Projeto_PI_III\Projeto_PI032026\trabalho\.venv\Lib\site-packages\django\shortcuts.py", line 51, in redirect
    resolve_url(to, *args, **kwargs),
    ^^^^^^^^^^^^^^^^^^^^^^^^^^^^^^^^
  File "C:\Users\MARCOSROBERTORODRIGU\Documents\Estudos_Informatica\Projeto_PI_III\Projeto_PI032026\trabalho\.venv\Lib\site-packages\django\shortcuts.py", line 184, in resolve_url
    return reverse(to, args=args, kwargs=kwargs)
           ^^^^^^^^^^^^^^^^^^^^^^^^^^^^^^^^^^^^^
  File "C:\Users\MARCOSROBERTORODRIGU\Documents\Estudos_Informatica\Projeto_PI_III\Projeto_PI032026\trabalho\.venv\Lib\site-packages\django\urls\base.py", line 98, in reverse
    resolved_url = resolver._reverse_with_prefix(view, prefix, *args, **kwargs)
                   ^^^^^^^^^^^^^^^^^^^^^^^^^^^^^^^^^^^^^^^^^^^^^^^^^^^^^^^^^^^^
  File "C:\Users\MARCOSROBERTORODRIGU\Documents\Estudos_Informatica\Projeto_PI_III\Projeto_PI032026\trabalho\.venv\Lib\site-packages\django\urls\resolvers.py", line 831, in _reverse_with_prefix
    raise NoReverseMatch(msg)
django.urls.exceptions.NoReverseMatch: Reverse for 'dashboard' not found. 'dashboard' is not a valid view function or pattern name.
"POST /carrinho/finalizar/ HTTP/1.1" 500 103331
Internal Server Error: /kds/
Traceback (most recent call last):
  File "C:\Users\MARCOSROBERTORODRIGU\Documents\Estudos_Informatica\Projeto_PI_III\Projeto_PI032026\trabalho\.venv\Lib\site-packages\django\core\handlers\exception.py", line 55, in inner
    response = get_response(request)
               ^^^^^^^^^^^^^^^^^^^^^
  File "C:\Users\MARCOSROBERTORODRIGU\Documents\Estudos_Informatica\Projeto_PI_III\Projeto_PI032026\trabalho\.venv\Lib\site-packages\django\core\handlers\base.py", line 197, in _get_response
    response = wrapped_callback(request, *callback_args, **callback_kwargs)
               ^^^^^^^^^^^^^^^^^^^^^^^^^^^^^^^^^^^^^^^^^^^^^^^^^^^^^^^^^^^^
  File "F:\Para_meus_estudos\Projeto_PI_III\Projeto_PI032026\trabalho\core\views.py", line 270, in kds
    return render(request, 'core/kds.html', {
           ^^^^^^^^^^^^^^^^^^^^^^^^^^^^^^^^^^
  File "C:\Users\MARCOSROBERTORODRIGU\Documents\Estudos_Informatica\Projeto_PI_III\Projeto_PI032026\trabalho\.venv\Lib\site-packages\django\shortcuts.py", line 25, in render
    content = loader.render_to_string(template_name, context, request, using=using)
              ^^^^^^^^^^^^^^^^^^^^^^^^^^^^^^^^^^^^^^^^^^^^^^^^^^^^^^^^^^^^^^^^^^^^^
  File "C:\Users\MARCOSROBERTORODRIGU\Documents\Estudos_Informatica\Projeto_PI_III\Projeto_PI032026\trabalho\.venv\Lib\site-packages\django\template\loader.py", line 62, in render_to_string
    return template.render(context, request)
           ^^^^^^^^^^^^^^^^^^^^^^^^^^^^^^^^^
  File "C:\Users\MARCOSROBERTORODRIGU\Documents\Estudos_Informatica\Projeto_PI_III\Projeto_PI032026\trabalho\.venv\Lib\site-packages\django\template\backends\django.py", line 107, in render
    return self.template.render(context)
           ^^^^^^^^^^^^^^^^^^^^^^^^^^^^^
  File "C:\Users\MARCOSROBERTORODRIGU\Documents\Estudos_Informatica\Projeto_PI_III\Projeto_PI032026\trabalho\.venv\Lib\site-packages\django\template\base.py", line 172, in render
    return self._render(context)
           ^^^^^^^^^^^^^^^^^^^^^
  File "C:\Users\MARCOSROBERTORODRIGU\Documents\Estudos_Informatica\Projeto_PI_III\Projeto_PI032026\trabalho\.venv\Lib\site-packages\django\template\base.py", line 164, in _render
    return self.nodelist.render(context)
           ^^^^^^^^^^^^^^^^^^^^^^^^^^^^^
  File "C:\Users\MARCOSROBERTORODRIGU\Documents\Estudos_Informatica\Projeto_PI_III\Projeto_PI032026\trabalho\.venv\Lib\site-packages\django\template\base.py", line 1018, in render
    return SafeString("".join([node.render_annotated(context) for node in self]))
                               ^^^^^^^^^^^^^^^^^^^^^^^^^^^^^^
  File "C:\Users\MARCOSROBERTORODRIGU\Documents\Estudos_Informatica\Projeto_PI_III\Projeto_PI032026\trabalho\.venv\Lib\site-packages\django\template\base.py", line 979, in render_annotated
    return self.render(context)
           ^^^^^^^^^^^^^^^^^^^^
  File "C:\Users\MARCOSROBERTORODRIGU\Documents\Estudos_Informatica\Projeto_PI_III\Projeto_PI032026\trabalho\.venv\Lib\site-packages\django\template\defaulttags.py", line 243, in render
    nodelist.append(node.render_annotated(context))
                    ^^^^^^^^^^^^^^^^^^^^^^^^^^^^^^
  File "C:\Users\MARCOSROBERTORODRIGU\Documents\Estudos_Informatica\Projeto_PI_III\Projeto_PI032026\trabalho\.venv\Lib\site-packages\django\template\base.py", line 979, in render_annotated
    return self.render(context)
           ^^^^^^^^^^^^^^^^^^^^
  File "C:\Users\MARCOSROBERTORODRIGU\Documents\Estudos_Informatica\Projeto_PI_III\Projeto_PI032026\trabalho\.venv\Lib\site-packages\django\template\defaulttags.py", line 480, in render
    url = reverse(view_name, args=args, kwargs=kwargs, current_app=current_app)
          ^^^^^^^^^^^^^^^^^^^^^^^^^^^^^^^^^^^^^^^^^^^^^^^^^^^^^^^^^^^^^^^^^^^^^
  File "C:\Users\MARCOSROBERTORODRIGU\Documents\Estudos_Informatica\Projeto_PI_III\Projeto_PI032026\trabalho\.venv\Lib\site-packages\django\urls\base.py", line 98, in reverse
    resolved_url = resolver._reverse_with_prefix(view, prefix, *args, **kwargs)
                   ^^^^^^^^^^^^^^^^^^^^^^^^^^^^^^^^^^^^^^^^^^^^^^^^^^^^^^^^^^^^
  File "C:\Users\MARCOSROBERTORODRIGU\Documents\Estudos_Informatica\Projeto_PI_III\Projeto_PI032026\trabalho\.venv\Lib\site-packages\django\urls\resolvers.py", line 831, in _reverse_with_prefix
    raise NoReverseMatch(msg)
django.urls.exceptions.NoReverseMatch: Reverse for 'atualizar_status' not found. 'atualizar_status' is not a valid view function or pattern name.
"GET /kds/ HTTP/1.1" 500 143721
Internal Server Error: /kds/
Traceback (most recent call last):
  File "C:\Users\MARCOSROBERTORODRIGU\Documents\Estudos_Informatica\Projeto_PI_III\Projeto_PI032026\trabalho\.venv\Lib\site-packages\django\core\handlers\exception.py", line 55, in inner
    response = get_response(request)
               ^^^^^^^^^^^^^^^^^^^^^
  File "C:\Users\MARCOSROBERTORODRIGU\Documents\Estudos_Informatica\Projeto_PI_III\Projeto_PI032026\trabalho\.venv\Lib\site-packages\django\core\handlers\base.py", line 197, in _get_response
    response = wrapped_callback(request, *callback_args, **callback_kwargs)
               ^^^^^^^^^^^^^^^^^^^^^^^^^^^^^^^^^^^^^^^^^^^^^^^^^^^^^^^^^^^^
  File "F:\Para_meus_estudos\Projeto_PI_III\Projeto_PI032026\trabalho\core\views.py", line 270, in kds
    return render(request, 'core/kds.html', {
           ^^^^^^^^^^^^^^^^^^^^^^^^^^^^^^^^^^
  File "C:\Users\MARCOSROBERTORODRIGU\Documents\Estudos_Informatica\Projeto_PI_III\Projeto_PI032026\trabalho\.venv\Lib\site-packages\django\shortcuts.py", line 25, in render
    content = loader.render_to_string(template_name, context, request, using=using)
              ^^^^^^^^^^^^^^^^^^^^^^^^^^^^^^^^^^^^^^^^^^^^^^^^^^^^^^^^^^^^^^^^^^^^^
  File "C:\Users\MARCOSROBERTORODRIGU\Documents\Estudos_Informatica\Projeto_PI_III\Projeto_PI032026\trabalho\.venv\Lib\site-packages\django\template\loader.py", line 62, in render_to_string
    return template.render(context, request)
           ^^^^^^^^^^^^^^^^^^^^^^^^^^^^^^^^^
  File "C:\Users\MARCOSROBERTORODRIGU\Documents\Estudos_Informatica\Projeto_PI_III\Projeto_PI032026\trabalho\.venv\Lib\site-packages\django\template\backends\django.py", line 107, in render
    return self.template.render(context)
           ^^^^^^^^^^^^^^^^^^^^^^^^^^^^^
  File "C:\Users\MARCOSROBERTORODRIGU\Documents\Estudos_Informatica\Projeto_PI_III\Projeto_PI032026\trabalho\.venv\Lib\site-packages\django\template\base.py", line 172, in render
    return self._render(context)
           ^^^^^^^^^^^^^^^^^^^^^
  File "C:\Users\MARCOSROBERTORODRIGU\Documents\Estudos_Informatica\Projeto_PI_III\Projeto_PI032026\trabalho\.venv\Lib\site-packages\django\template\base.py", line 164, in _render
    return self.nodelist.render(context)
           ^^^^^^^^^^^^^^^^^^^^^^^^^^^^^
  File "C:\Users\MARCOSROBERTORODRIGU\Documents\Estudos_Informatica\Projeto_PI_III\Projeto_PI032026\trabalho\.venv\Lib\site-packages\django\template\base.py", line 1018, in render
    return SafeString("".join([node.render_annotated(context) for node in self]))
                               ^^^^^^^^^^^^^^^^^^^^^^^^^^^^^^
  File "C:\Users\MARCOSROBERTORODRIGU\Documents\Estudos_Informatica\Projeto_PI_III\Projeto_PI032026\trabalho\.venv\Lib\site-packages\django\template\base.py", line 979, in render_annotated
    return self.render(context)
           ^^^^^^^^^^^^^^^^^^^^
  File "C:\Users\MARCOSROBERTORODRIGU\Documents\Estudos_Informatica\Projeto_PI_III\Projeto_PI032026\trabalho\.venv\Lib\site-packages\django\template\defaulttags.py", line 243, in render
    nodelist.append(node.render_annotated(context))
                    ^^^^^^^^^^^^^^^^^^^^^^^^^^^^^^
  File "C:\Users\MARCOSROBERTORODRIGU\Documents\Estudos_Informatica\Projeto_PI_III\Projeto_PI032026\trabalho\.venv\Lib\site-packages\django\template\base.py", line 979, in render_annotated
    return self.render(context)
           ^^^^^^^^^^^^^^^^^^^^
  File "C:\Users\MARCOSROBERTORODRIGU\Documents\Estudos_Informatica\Projeto_PI_III\Projeto_PI032026\trabalho\.venv\Lib\site-packages\django\template\defaulttags.py", line 480, in render
    url = reverse(view_name, args=args, kwargs=kwargs, current_app=current_app)
          ^^^^^^^^^^^^^^^^^^^^^^^^^^^^^^^^^^^^^^^^^^^^^^^^^^^^^^^^^^^^^^^^^^^^^
  File "C:\Users\MARCOSROBERTORODRIGU\Documents\Estudos_Informatica\Projeto_PI_III\Projeto_PI032026\trabalho\.venv\Lib\site-packages\django\urls\base.py", line 98, in reverse
    resolved_url = resolver._reverse_with_prefix(view, prefix, *args, **kwargs)
                   ^^^^^^^^^^^^^^^^^^^^^^^^^^^^^^^^^^^^^^^^^^^^^^^^^^^^^^^^^^^^
  File "C:\Users\MARCOSROBERTORODRIGU\Documents\Estudos_Informatica\Projeto_PI_III\Projeto_PI032026\trabalho\.venv\Lib\site-packages\django\urls\resolvers.py", line 831, in _reverse_with_prefix
    raise NoReverseMatch(msg)
django.urls.exceptions.NoReverseMatch: Reverse for 'atualizar_status' not found. 'atualizar_status' is not a valid view function or pattern name.
"GET /kds/ HTTP/1.1" 500 143721
Internal Server Error: /kds/
Traceback (most recent call last):
  File "C:\Users\MARCOSROBERTORODRIGU\Documents\Estudos_Informatica\Projeto_PI_III\Projeto_PI032026\trabalho\.venv\Lib\site-packages\django\core\handlers\exception.py", line 55, in inner
    response = get_response(request)
               ^^^^^^^^^^^^^^^^^^^^^
  File "C:\Users\MARCOSROBERTORODRIGU\Documents\Estudos_Informatica\Projeto_PI_III\Projeto_PI032026\trabalho\.venv\Lib\site-packages\django\core\handlers\base.py", line 197, in _get_response
    response = wrapped_callback(request, *callback_args, **callback_kwargs)
               ^^^^^^^^^^^^^^^^^^^^^^^^^^^^^^^^^^^^^^^^^^^^^^^^^^^^^^^^^^^^
  File "F:\Para_meus_estudos\Projeto_PI_III\Projeto_PI032026\trabalho\core\views.py", line 270, in kds
    return render(request, 'core/kds.html', {
           ^^^^^^^^^^^^^^^^^^^^^^^^^^^^^^^^^^
  File "C:\Users\MARCOSROBERTORODRIGU\Documents\Estudos_Informatica\Projeto_PI_III\Projeto_PI032026\trabalho\.venv\Lib\site-packages\django\shortcuts.py", line 25, in render
    content = loader.render_to_string(template_name, context, request, using=using)
              ^^^^^^^^^^^^^^^^^^^^^^^^^^^^^^^^^^^^^^^^^^^^^^^^^^^^^^^^^^^^^^^^^^^^^
  File "C:\Users\MARCOSROBERTORODRIGU\Documents\Estudos_Informatica\Projeto_PI_III\Projeto_PI032026\trabalho\.venv\Lib\site-packages\django\template\loader.py", line 62, in render_to_string
    return template.render(context, request)
           ^^^^^^^^^^^^^^^^^^^^^^^^^^^^^^^^^
  File "C:\Users\MARCOSROBERTORODRIGU\Documents\Estudos_Informatica\Projeto_PI_III\Projeto_PI032026\trabalho\.venv\Lib\site-packages\django\template\backends\django.py", line 107, in render
    return self.template.render(context)
           ^^^^^^^^^^^^^^^^^^^^^^^^^^^^^
  File "C:\Users\MARCOSROBERTORODRIGU\Documents\Estudos_Informatica\Projeto_PI_III\Projeto_PI032026\trabalho\.venv\Lib\site-packages\django\template\base.py", line 172, in render
    return self._render(context)
           ^^^^^^^^^^^^^^^^^^^^^
  File "C:\Users\MARCOSROBERTORODRIGU\Documents\Estudos_Informatica\Projeto_PI_III\Projeto_PI032026\trabalho\.venv\Lib\site-packages\django\template\base.py", line 164, in _render
    return self.nodelist.render(context)
           ^^^^^^^^^^^^^^^^^^^^^^^^^^^^^
  File "C:\Users\MARCOSROBERTORODRIGU\Documents\Estudos_Informatica\Projeto_PI_III\Projeto_PI032026\trabalho\.venv\Lib\site-packages\django\template\base.py", line 1018, in render
    return SafeString("".join([node.render_annotated(context) for node in self]))
                               ^^^^^^^^^^^^^^^^^^^^^^^^^^^^^^
  File "C:\Users\MARCOSROBERTORODRIGU\Documents\Estudos_Informatica\Projeto_PI_III\Projeto_PI032026\trabalho\.venv\Lib\site-packages\django\template\base.py", line 979, in render_annotated
    return self.render(context)
           ^^^^^^^^^^^^^^^^^^^^
  File "C:\Users\MARCOSROBERTORODRIGU\Documents\Estudos_Informatica\Projeto_PI_III\Projeto_PI032026\trabalho\.venv\Lib\site-packages\django\template\defaulttags.py", line 480, in render
    url = reverse(view_name, args=args, kwargs=kwargs, current_app=current_app)
          ^^^^^^^^^^^^^^^^^^^^^^^^^^^^^^^^^^^^^^^^^^^^^^^^^^^^^^^^^^^^^^^^^^^^^
  File "C:\Users\MARCOSROBERTORODRIGU\Documents\Estudos_Informatica\Projeto_PI_III\Projeto_PI032026\trabalho\.venv\Lib\site-packages\django\urls\base.py", line 98, in reverse
    resolved_url = resolver._reverse_with_prefix(view, prefix, *args, **kwargs)
                   ^^^^^^^^^^^^^^^^^^^^^^^^^^^^^^^^^^^^^^^^^^^^^^^^^^^^^^^^^^^^
  File "C:\Users\MARCOSROBERTORODRIGU\Documents\Estudos_Informatica\Projeto_PI_III\Projeto_PI032026\trabalho\.venv\Lib\site-packages\django\urls\resolvers.py", line 831, in _reverse_with_prefix
    raise NoReverseMatch(msg)
django.urls.exceptions.NoReverseMatch: Reverse for 'atualizar_status' not found. 'atualizar_status' is not a valid view function or pattern name.
"GET /kds/ HTTP/1.1" 500 132295
Internal Server Error: /api/pedidos/23/atualizar_status/
Traceback (most recent call last):
  File "C:\Users\MARCOSROBERTORODRIGU\Documents\Estudos_Informatica\Projeto_PI_III\Projeto_PI032026\trabalho\.venv\Lib\site-packages\django\core\handlers\exception.py", line 55, in inner
    response = get_response(request)
               ^^^^^^^^^^^^^^^^^^^^^
  File "C:\Users\MARCOSROBERTORODRIGU\Documents\Estudos_Informatica\Projeto_PI_III\Projeto_PI032026\trabalho\.venv\Lib\site-packages\django\core\handlers\base.py", line 197, in _get_response
    response = wrapped_callback(request, *callback_args, **callback_kwargs)
               ^^^^^^^^^^^^^^^^^^^^^^^^^^^^^^^^^^^^^^^^^^^^^^^^^^^^^^^^^^^^
  File "C:\Users\MARCOSROBERTORODRIGU\Documents\Estudos_Informatica\Projeto_PI_III\Projeto_PI032026\trabalho\.venv\Lib\site-packages\django\views\decorators\csrf.py", line 65, in _view_wrapper
    return view_func(request, *args, **kwargs)
           ^^^^^^^^^^^^^^^^^^^^^^^^^^^^^^^^^^^
  File "C:\Users\MARCOSROBERTORODRIGU\Documents\Estudos_Informatica\Projeto_PI_III\Projeto_PI032026\trabalho\.venv\Lib\site-packages\rest_framework\viewsets.py", line 125, in view
    return self.dispatch(request, *args, **kwargs)
           ^^^^^^^^^^^^^^^^^^^^^^^^^^^^^^^^^^^^^^^
  File "C:\Users\MARCOSROBERTORODRIGU\Documents\Estudos_Informatica\Projeto_PI_III\Projeto_PI032026\trabalho\.venv\Lib\site-packages\django\utils\decorators.py", line 48, in _wrapper
    return bound_method(*args, **kwargs)
           ^^^^^^^^^^^^^^^^^^^^^^^^^^^^^
  File "C:\Users\MARCOSROBERTORODRIGU\Documents\Estudos_Informatica\Projeto_PI_III\Projeto_PI032026\trabalho\.venv\Lib\site-packages\django\views\decorators\csrf.py", line 65, in _view_wrapper
    return view_func(request, *args, **kwargs)
           ^^^^^^^^^^^^^^^^^^^^^^^^^^^^^^^^^^^
  File "C:\Users\MARCOSROBERTORODRIGU\Documents\Estudos_Informatica\Projeto_PI_III\Projeto_PI032026\trabalho\.venv\Lib\site-packages\rest_framework\views.py", line 515, in dispatch
    response = self.handle_exception(exc)
               ^^^^^^^^^^^^^^^^^^^^^^^^^^
  File "C:\Users\MARCOSROBERTORODRIGU\Documents\Estudos_Informatica\Projeto_PI_III\Projeto_PI032026\trabalho\.venv\Lib\site-packages\rest_framework\views.py", line 475, in handle_exception
    self.raise_uncaught_exception(exc)
  File "C:\Users\MARCOSROBERTORODRIGU\Documents\Estudos_Informatica\Projeto_PI_III\Projeto_PI032026\trabalho\.venv\Lib\site-packages\rest_framework\views.py", line 486, in raise_uncaught_exception
    raise exc
  File "C:\Users\MARCOSROBERTORODRIGU\Documents\Estudos_Informatica\Projeto_PI_III\Projeto_PI032026\trabalho\.venv\Lib\site-packages\rest_framework\views.py", line 512, in dispatch
    response = handler(request, *args, **kwargs)
               ^^^^^^^^^^^^^^^^^^^^^^^^^^^^^^^^^
  File "F:\Para_meus_estudos\Projeto_PI_III\Projeto_PI032026\trabalho\core\views.py", line 54, in atualizar_status
    if atualizar_status_pedido(pedido, novo_status):
       ^^^^^^^^^^^^^^^^^^^^^^^^^^^^^^^^^^^^^^^^^^^^
  File "C:\Users\MARCOSROBERTORODRIGU\Documents\Estudos_Informatica\Projeto_PI_III\Projeto_PI032026\trabalho\.venv\Lib\site-packages\django\views\decorators\http.py", line 54, in inner
    if request.method not in request_method_list:
       ^^^^^^^^^^^^^^
AttributeError: 'Pedido' object has no attribute 'method'
"POST /api/pedidos/23/atualizar_status/ HTTP/1.1" 500 125978
Internal Server Error: /api/pedidos/23/atualizar_status/
Traceback (most recent call last):
  File "C:\Users\MARCOSROBERTORODRIGU\Documents\Estudos_Informatica\Projeto_PI_III\Projeto_PI032026\trabalho\.venv\Lib\site-packages\django\core\handlers\exception.py", line 55, in inner
    response = get_response(request)
               ^^^^^^^^^^^^^^^^^^^^^
  File "C:\Users\MARCOSROBERTORODRIGU\Documents\Estudos_Informatica\Projeto_PI_III\Projeto_PI032026\trabalho\.venv\Lib\site-packages\django\core\handlers\base.py", line 197, in _get_response
    response = wrapped_callback(request, *callback_args, **callback_kwargs)
               ^^^^^^^^^^^^^^^^^^^^^^^^^^^^^^^^^^^^^^^^^^^^^^^^^^^^^^^^^^^^
  File "C:\Users\MARCOSROBERTORODRIGU\Documents\Estudos_Informatica\Projeto_PI_III\Projeto_PI032026\trabalho\.venv\Lib\site-packages\django\views\decorators\csrf.py", line 65, in _view_wrapper
    return view_func(request, *args, **kwargs)
           ^^^^^^^^^^^^^^^^^^^^^^^^^^^^^^^^^^^
  File "C:\Users\MARCOSROBERTORODRIGU\Documents\Estudos_Informatica\Projeto_PI_III\Projeto_PI032026\trabalho\.venv\Lib\site-packages\rest_framework\viewsets.py", line 125, in view
    return self.dispatch(request, *args, **kwargs)
           ^^^^^^^^^^^^^^^^^^^^^^^^^^^^^^^^^^^^^^^
  File "C:\Users\MARCOSROBERTORODRIGU\Documents\Estudos_Informatica\Projeto_PI_III\Projeto_PI032026\trabalho\.venv\Lib\site-packages\django\utils\decorators.py", line 48, in _wrapper
    return bound_method(*args, **kwargs)
           ^^^^^^^^^^^^^^^^^^^^^^^^^^^^^
  File "C:\Users\MARCOSROBERTORODRIGU\Documents\Estudos_Informatica\Projeto_PI_III\Projeto_PI032026\trabalho\.venv\Lib\site-packages\django\views\decorators\csrf.py", line 65, in _view_wrapper
    return view_func(request, *args, **kwargs)
           ^^^^^^^^^^^^^^^^^^^^^^^^^^^^^^^^^^^
  File "C:\Users\MARCOSROBERTORODRIGU\Documents\Estudos_Informatica\Projeto_PI_III\Projeto_PI032026\trabalho\.venv\Lib\site-packages\rest_framework\views.py", line 515, in dispatch
    response = self.handle_exception(exc)
               ^^^^^^^^^^^^^^^^^^^^^^^^^^
  File "C:\Users\MARCOSROBERTORODRIGU\Documents\Estudos_Informatica\Projeto_PI_III\Projeto_PI032026\trabalho\.venv\Lib\site-packages\rest_framework\views.py", line 475, in handle_exception
    self.raise_uncaught_exception(exc)
  File "C:\Users\MARCOSROBERTORODRIGU\Documents\Estudos_Informatica\Projeto_PI_III\Projeto_PI032026\trabalho\.venv\Lib\site-packages\rest_framework\views.py", line 486, in raise_uncaught_exception
    raise exc
  File "C:\Users\MARCOSROBERTORODRIGU\Documents\Estudos_Informatica\Projeto_PI_III\Projeto_PI032026\trabalho\.venv\Lib\site-packages\rest_framework\views.py", line 512, in dispatch
    response = handler(request, *args, **kwargs)
               ^^^^^^^^^^^^^^^^^^^^^^^^^^^^^^^^^
  File "F:\Para_meus_estudos\Projeto_PI_III\Projeto_PI032026\trabalho\core\views.py", line 43, in atualizar_status
    if atualizar_status_pedido(pedido, novo_status):
       ^^^^^^^^^^^^^^^^^^^^^^^^^^^^^^^^^^^^^^^^^^^^
  File "C:\Users\MARCOSROBERTORODRIGU\Documents\Estudos_Informatica\Projeto_PI_III\Projeto_PI032026\trabalho\.venv\Lib\site-packages\django\views\decorators\http.py", line 54, in inner
    if request.method not in request_method_list:
       ^^^^^^^^^^^^^^
AttributeError: 'Pedido' object has no attribute 'method'
"POST /api/pedidos/23/atualizar_status/ HTTP/1.1" 500 125906
Internal Server Error: /api/pedidos/23/atualizar_status/
Traceback (most recent call last):
  File "C:\Users\MARCOSROBERTORODRIGU\Documents\Estudos_Informatica\Projeto_PI_III\Projeto_PI032026\trabalho\.venv\Lib\site-packages\django\core\handlers\exception.py", line 55, in inner
    response = get_response(request)
               ^^^^^^^^^^^^^^^^^^^^^
  File "C:\Users\MARCOSROBERTORODRIGU\Documents\Estudos_Informatica\Projeto_PI_III\Projeto_PI032026\trabalho\.venv\Lib\site-packages\django\core\handlers\base.py", line 197, in _get_response
    response = wrapped_callback(request, *callback_args, **callback_kwargs)
               ^^^^^^^^^^^^^^^^^^^^^^^^^^^^^^^^^^^^^^^^^^^^^^^^^^^^^^^^^^^^
  File "C:\Users\MARCOSROBERTORODRIGU\Documents\Estudos_Informatica\Projeto_PI_III\Projeto_PI032026\trabalho\.venv\Lib\site-packages\django\views\decorators\csrf.py", line 65, in _view_wrapper
    return view_func(request, *args, **kwargs)
           ^^^^^^^^^^^^^^^^^^^^^^^^^^^^^^^^^^^
  File "C:\Users\MARCOSROBERTORODRIGU\Documents\Estudos_Informatica\Projeto_PI_III\Projeto_PI032026\trabalho\.venv\Lib\site-packages\rest_framework\viewsets.py", line 125, in view
    return self.dispatch(request, *args, **kwargs)
           ^^^^^^^^^^^^^^^^^^^^^^^^^^^^^^^^^^^^^^^
  File "C:\Users\MARCOSROBERTORODRIGU\Documents\Estudos_Informatica\Projeto_PI_III\Projeto_PI032026\trabalho\.venv\Lib\site-packages\django\utils\decorators.py", line 48, in _wrapper
    return bound_method(*args, **kwargs)
           ^^^^^^^^^^^^^^^^^^^^^^^^^^^^^
  File "C:\Users\MARCOSROBERTORODRIGU\Documents\Estudos_Informatica\Projeto_PI_III\Projeto_PI032026\trabalho\.venv\Lib\site-packages\django\views\decorators\csrf.py", line 65, in _view_wrapper
    return view_func(request, *args, **kwargs)
           ^^^^^^^^^^^^^^^^^^^^^^^^^^^^^^^^^^^
  File "C:\Users\MARCOSROBERTORODRIGU\Documents\Estudos_Informatica\Projeto_PI_III\Projeto_PI032026\trabalho\.venv\Lib\site-packages\rest_framework\views.py", line 515, in dispatch
    response = self.handle_exception(exc)
               ^^^^^^^^^^^^^^^^^^^^^^^^^^
  File "C:\Users\MARCOSROBERTORODRIGU\Documents\Estudos_Informatica\Projeto_PI_III\Projeto_PI032026\trabalho\.venv\Lib\site-packages\rest_framework\views.py", line 475, in handle_exception
    self.raise_uncaught_exception(exc)
  File "C:\Users\MARCOSROBERTORODRIGU\Documents\Estudos_Informatica\Projeto_PI_III\Projeto_PI032026\trabalho\.venv\Lib\site-packages\rest_framework\views.py", line 486, in raise_uncaught_exception
    raise exc
  File "C:\Users\MARCOSROBERTORODRIGU\Documents\Estudos_Informatica\Projeto_PI_III\Projeto_PI032026\trabalho\.venv\Lib\site-packages\rest_framework\views.py", line 512, in dispatch
    response = handler(request, *args, **kwargs)
               ^^^^^^^^^^^^^^^^^^^^^^^^^^^^^^^^^
  File "F:\Para_meus_estudos\Projeto_PI_III\Projeto_PI032026\trabalho\core\views.py", line 43, in atualizar_status
    if atualizar_status_pedido(pedido, novo_status):
       ^^^^^^^^^^^^^^^^^^^^^^^^^^^^^^^^^^^^^^^^^^^^
  File "C:\Users\MARCOSROBERTORODRIGU\Documents\Estudos_Informatica\Projeto_PI_III\Projeto_PI032026\trabalho\.venv\Lib\site-packages\django\views\decorators\http.py", line 54, in inner
    if request.method not in request_method_list:
       ^^^^^^^^^^^^^^
AttributeError: 'Pedido' object has no attribute 'method'
"POST /api/pedidos/23/atualizar_status/ HTTP/1.1" 500 125906
Internal Server Error: /api/pedidos/23/atualizar_status/
Traceback (most recent call last):
  File "C:\Users\MARCOSROBERTORODRIGU\Documents\Estudos_Informatica\Projeto_PI_III\Projeto_PI032026\trabalho\.venv\Lib\site-packages\django\core\handlers\exception.py", line 55, in inner
    response = get_response(request)
               ^^^^^^^^^^^^^^^^^^^^^
  File "C:\Users\MARCOSROBERTORODRIGU\Documents\Estudos_Informatica\Projeto_PI_III\Projeto_PI032026\trabalho\.venv\Lib\site-packages\django\core\handlers\base.py", line 197, in _get_response
    response = wrapped_callback(request, *callback_args, **callback_kwargs)
               ^^^^^^^^^^^^^^^^^^^^^^^^^^^^^^^^^^^^^^^^^^^^^^^^^^^^^^^^^^^^
  File "C:\Users\MARCOSROBERTORODRIGU\Documents\Estudos_Informatica\Projeto_PI_III\Projeto_PI032026\trabalho\.venv\Lib\site-packages\django\views\decorators\csrf.py", line 65, in _view_wrapper
    return view_func(request, *args, **kwargs)
           ^^^^^^^^^^^^^^^^^^^^^^^^^^^^^^^^^^^
  File "C:\Users\MARCOSROBERTORODRIGU\Documents\Estudos_Informatica\Projeto_PI_III\Projeto_PI032026\trabalho\.venv\Lib\site-packages\rest_framework\viewsets.py", line 125, in view
    return self.dispatch(request, *args, **kwargs)
           ^^^^^^^^^^^^^^^^^^^^^^^^^^^^^^^^^^^^^^^
  File "C:\Users\MARCOSROBERTORODRIGU\Documents\Estudos_Informatica\Projeto_PI_III\Projeto_PI032026\trabalho\.venv\Lib\site-packages\django\utils\decorators.py", line 48, in _wrapper
    return bound_method(*args, **kwargs)
           ^^^^^^^^^^^^^^^^^^^^^^^^^^^^^
  File "C:\Users\MARCOSROBERTORODRIGU\Documents\Estudos_Informatica\Projeto_PI_III\Projeto_PI032026\trabalho\.venv\Lib\site-packages\django\views\decorators\csrf.py", line 65, in _view_wrapper
    return view_func(request, *args, **kwargs)
           ^^^^^^^^^^^^^^^^^^^^^^^^^^^^^^^^^^^
  File "C:\Users\MARCOSROBERTORODRIGU\Documents\Estudos_Informatica\Projeto_PI_III\Projeto_PI032026\trabalho\.venv\Lib\site-packages\rest_framework\views.py", line 515, in dispatch
    response = self.handle_exception(exc)
               ^^^^^^^^^^^^^^^^^^^^^^^^^^
  File "C:\Users\MARCOSROBERTORODRIGU\Documents\Estudos_Informatica\Projeto_PI_III\Projeto_PI032026\trabalho\.venv\Lib\site-packages\rest_framework\views.py", line 475, in handle_exception
    self.raise_uncaught_exception(exc)
  File "C:\Users\MARCOSROBERTORODRIGU\Documents\Estudos_Informatica\Projeto_PI_III\Projeto_PI032026\trabalho\.venv\Lib\site-packages\rest_framework\views.py", line 486, in raise_uncaught_exception
    raise exc
  File "C:\Users\MARCOSROBERTORODRIGU\Documents\Estudos_Informatica\Projeto_PI_III\Projeto_PI032026\trabalho\.venv\Lib\site-packages\rest_framework\views.py", line 512, in dispatch
    response = handler(request, *args, **kwargs)
               ^^^^^^^^^^^^^^^^^^^^^^^^^^^^^^^^^
  File "F:\Para_meus_estudos\Projeto_PI_III\Projeto_PI032026\trabalho\core\views.py", line 43, in atualizar_status
    if atualizar_status_pedido(pedido, novo_status):
       ^^^^^^^^^^^^^^^^^^^^^^^^^^^^^^^^^^^^^^^^^^^^
  File "C:\Users\MARCOSROBERTORODRIGU\Documents\Estudos_Informatica\Projeto_PI_III\Projeto_PI032026\trabalho\.venv\Lib\site-packages\django\views\decorators\http.py", line 54, in inner
    if request.method not in request_method_list:
       ^^^^^^^^^^^^^^
AttributeError: 'Pedido' object has no attribute 'method'
"POST /api/pedidos/23/atualizar_status/ HTTP/1.1" 500 125906
Internal Server Error: /kds/
Traceback (most recent call last):
  File "C:\Users\MARCOSROBERTORODRIGU\Documents\Estudos_Informatica\Projeto_PI_III\Projeto_PI032026\trabalho\.venv\Lib\site-packages\django\core\handlers\exception.py", line 55, in inner
    response = get_response(request)
               ^^^^^^^^^^^^^^^^^^^^^
  File "C:\Users\MARCOSROBERTORODRIGU\Documents\Estudos_Informatica\Projeto_PI_III\Projeto_PI032026\trabalho\.venv\Lib\site-packages\django\core\handlers\base.py", line 197, in _get_response
    response = wrapped_callback(request, *callback_args, **callback_kwargs)
               ^^^^^^^^^^^^^^^^^^^^^^^^^^^^^^^^^^^^^^^^^^^^^^^^^^^^^^^^^^^^
  File "F:\Para_meus_estudos\Projeto_PI_III\Projeto_PI032026\trabalho\core\views.py", line 284, in kds
    pedidos = Pedido.objects.filter(status__in=["pendente", "preparando"]).order_by(
              ^^^^^^
NameError: name 'Pedido' is not defined
"GET /kds/ HTTP/1.1" 500 80265
Internal Server Error: /kds/
Traceback (most recent call last):
  File "C:\Users\MARCOSROBERTORODRIGU\Documents\Estudos_Informatica\Projeto_PI_III\Projeto_PI032026\trabalho\.venv\Lib\site-packages\django\core\handlers\exception.py", line 55, in inner
    response = get_response(request)
               ^^^^^^^^^^^^^^^^^^^^^
  File "C:\Users\MARCOSROBERTORODRIGU\Documents\Estudos_Informatica\Projeto_PI_III\Projeto_PI032026\trabalho\.venv\Lib\site-packages\django\core\handlers\base.py", line 197, in _get_response
    response = wrapped_callback(request, *callback_args, **callback_kwargs)
               ^^^^^^^^^^^^^^^^^^^^^^^^^^^^^^^^^^^^^^^^^^^^^^^^^^^^^^^^^^^^
  File "F:\Para_meus_estudos\Projeto_PI_III\Projeto_PI032026\trabalho\core\views.py", line 284, in kds
    pedidos = Pedido.objects.filter(status__in=["pendente", "preparando"]).order_by(
              ^^^^^^
NameError: name 'Pedido' is not defined
"GET /kds/ HTTP/1.1" 500 80409
Internal Server Error: /kds/
Traceback (most recent call last):
  File "C:\Users\MARCOSROBERTORODRIGU\Documents\Estudos_Informatica\Projeto_PI_III\Projeto_PI032026\trabalho\.venv\Lib\site-packages\django\core\handlers\exception.py", line 55, in inner
    response = get_response(request)
               ^^^^^^^^^^^^^^^^^^^^^
  File "C:\Users\MARCOSROBERTORODRIGU\Documents\Estudos_Informatica\Projeto_PI_III\Projeto_PI032026\trabalho\.venv\Lib\site-packages\django\core\handlers\base.py", line 197, in _get_response
    response = wrapped_callback(request, *callback_args, **callback_kwargs)
               ^^^^^^^^^^^^^^^^^^^^^^^^^^^^^^^^^^^^^^^^^^^^^^^^^^^^^^^^^^^^
  File "F:\Para_meus_estudos\Projeto_PI_III\Projeto_PI032026\trabalho\core\views.py", line 284, in kds
    pedidos = Pedido.objects.filter(status__in=["pendente", "preparando"]).order_by(
              ^^^^^^
NameError: name 'Pedido' is not defined
"GET /kds/ HTTP/1.1" 500 80265
Internal Server Error: /pedido/24/status/
Traceback (most recent call last):
  File "C:\Users\MARCOSROBERTORODRIGU\Documents\Estudos_Informatica\Projeto_PI_III\Projeto_PI032026\trabalho\.venv\Lib\site-packages\django\core\handlers\exception.py", line 55, in inner
    response = get_response(request)
               ^^^^^^^^^^^^^^^^^^^^^
  File "C:\Users\MARCOSROBERTORODRIGU\Documents\Estudos_Informatica\Projeto_PI_III\Projeto_PI032026\trabalho\.venv\Lib\site-packages\django\core\handlers\base.py", line 197, in _get_response
    response = wrapped_callback(request, *callback_args, **callback_kwargs)
               ^^^^^^^^^^^^^^^^^^^^^^^^^^^^^^^^^^^^^^^^^^^^^^^^^^^^^^^^^^^^
  File "C:\Users\MARCOSROBERTORODRIGU\Documents\Estudos_Informatica\Projeto_PI_III\Projeto_PI032026\trabalho\.venv\Lib\site-packages\django\views\decorators\http.py", line 64, in inner
    return func(request, *args, **kwargs)
           ^^^^^^^^^^^^^^^^^^^^^^^^^^^^^^
  File "F:\Para_meus_estudos\Projeto_PI_III\Projeto_PI032026\trabalho\core\views.py", line 165, in atualizar_status_pedido
    get_channel_layer = get_channel_layer()
                        ^^^^^^^^^^^^^^^^^
UnboundLocalError: cannot access local variable 'get_channel_layer' where it is not associated with a value
"POST /pedido/24/status/ HTTP/1.1" 500 87424
Internal Server Error: /pedido/24/status/
Traceback (most recent call last):
  File "C:\Users\MARCOSROBERTORODRIGU\Documents\Estudos_Informatica\Projeto_PI_III\Projeto_PI032026\trabalho\.venv\Lib\site-packages\django\core\handlers\exception.py", line 55, in inner
    response = get_response(request)
               ^^^^^^^^^^^^^^^^^^^^^
  File "C:\Users\MARCOSROBERTORODRIGU\Documents\Estudos_Informatica\Projeto_PI_III\Projeto_PI032026\trabalho\.venv\Lib\site-packages\django\core\handlers\base.py", line 197, in _get_response
    response = wrapped_callback(request, *callback_args, **callback_kwargs)
               ^^^^^^^^^^^^^^^^^^^^^^^^^^^^^^^^^^^^^^^^^^^^^^^^^^^^^^^^^^^^
  File "C:\Users\MARCOSROBERTORODRIGU\Documents\Estudos_Informatica\Projeto_PI_III\Projeto_PI032026\trabalho\.venv\Lib\site-packages\django\views\decorators\http.py", line 64, in inner
    return func(request, *args, **kwargs)
           ^^^^^^^^^^^^^^^^^^^^^^^^^^^^^^
  File "F:\Para_meus_estudos\Projeto_PI_III\Projeto_PI032026\trabalho\core\views.py", line 165, in atualizar_status_pedido
    get_channel_layer = get_channel_layer()
                        ^^^^^^^^^^^^^^^^^
UnboundLocalError: cannot access local variable 'get_channel_layer' where it is not associated with a value
"POST /pedido/24/status/ HTTP/1.1" 500 87157
Internal Server Error: /pedido/24/status/
Traceback (most recent call last):
  File "C:\Users\MARCOSROBERTORODRIGU\Documents\Estudos_Informatica\Projeto_PI_III\Projeto_PI032026\trabalho\.venv\Lib\site-packages\django\core\handlers\exception.py", line 55, in inner
    response = get_response(request)
               ^^^^^^^^^^^^^^^^^^^^^
  File "C:\Users\MARCOSROBERTORODRIGU\Documents\Estudos_Informatica\Projeto_PI_III\Projeto_PI032026\trabalho\.venv\Lib\site-packages\django\core\handlers\base.py", line 197, in _get_response
    response = wrapped_callback(request, *callback_args, **callback_kwargs)
               ^^^^^^^^^^^^^^^^^^^^^^^^^^^^^^^^^^^^^^^^^^^^^^^^^^^^^^^^^^^^
  File "C:\Users\MARCOSROBERTORODRIGU\Documents\Estudos_Informatica\Projeto_PI_III\Projeto_PI032026\trabalho\.venv\Lib\site-packages\django\views\decorators\http.py", line 64, in inner
    return func(request, *args, **kwargs)
           ^^^^^^^^^^^^^^^^^^^^^^^^^^^^^^
  File "F:\Para_meus_estudos\Projeto_PI_III\Projeto_PI032026\trabalho\core\views.py", line 165, in atualizar_status_pedido
    get_channel_layer = get_channel_layer()
                        ^^^^^^^^^^^^^^^^^
UnboundLocalError: cannot access local variable 'get_channel_layer' where it is not associated with a value
"POST /pedido/24/status/ HTTP/1.1" 500 78518
